Nov 21 21:58:22 nefarious-laptop kernel: [ 1796.528904] atkbd.c: Spurious NAK on isa0060/serio0. Some program might be trying access hardware directly.
Nov 21 22:00:05 nefarious-laptop kernel: [ 1900.011794] mtrr: no MTRR for e0000000,c00000 found
Nov 21 17:26:22 nefarious-laptop kernel: Inspecting /boot/System.map-2.6.28-11-generic
Nov 21 17:26:22 nefarious-laptop kernel: Cannot find map file.
Nov 21 17:26:22 nefarious-laptop kernel: Loaded 51029 symbols from 37 modules.
Nov 21 17:26:22 nefarious-laptop kernel: [    0.000000] BIOS EBDA/lowmem at: 0009fc00/0009fc00
Nov 21 17:26:22 nefarious-laptop kernel: [    0.000000] Initializing cgroup subsys cpuset
Nov 21 17:26:22 nefarious-laptop kernel: [    0.000000] Initializing cgroup subsys cpu
Nov 21 17:26:22 nefarious-laptop kernel: [    0.000000] Linux version 2.6.28-11-generic (buildd@palmer) (gcc version 4.3.3 (Ubuntu 4.3.3-5ubuntu4) ) #42-Ubuntu SMP Fri Apr 17 01:57:59 UTC 2009 (Ubuntu 2.6.28-11.42-generic)
Nov 21 17:26:22 nefarious-laptop kernel: [    0.000000] KERNEL supported cpus:
Nov 21 17:26:22 nefarious-laptop kernel: [    0.000000]   Intel GenuineIntel
Nov 21 17:26:22 nefarious-laptop kernel: [    0.000000]   AMD AuthenticAMD
Nov 21 17:26:22 nefarious-laptop kernel: [    0.000000]   NSC Geode by NSC
Nov 21 17:26:22 nefarious-laptop kernel: [    0.000000]   Cyrix CyrixInstead
Nov 21 17:26:22 nefarious-laptop kernel: [    0.000000]   Centaur CentaurHauls
Nov 21 17:26:22 nefarious-laptop kernel: [    0.000000]   Transmeta GenuineTMx86
Nov 21 17:26:22 nefarious-laptop kernel: [    0.000000]   Transmeta TransmetaCPU
Nov 21 17:26:22 nefarious-laptop kernel: [    0.000000]   UMC UMC UMC UMC
Nov 21 17:26:22 nefarious-laptop kernel: [    0.000000] BIOS-provided physical RAM map:
Nov 21 17:26:22 nefarious-laptop kernel: [    0.000000]  BIOS-e820: 0000000000000000 - 000000000009fc00 (usable)
Nov 21 17:26:22 nefarious-laptop kernel: [    0.000000]  BIOS-e820: 000000000009fc00 - 00000000000a0000 (reserved)
Nov 21 17:26:22 nefarious-laptop kernel: [    0.000000]  BIOS-e820: 00000000000f0000 - 0000000000100000 (reserved)
Nov 21 17:26:22 nefarious-laptop kernel: [    0.000000]  BIOS-e820: 0000000000100000 - 000000001fff0000 (usable)
Nov 21 17:26:22 nefarious-laptop kernel: [    0.000000]  BIOS-e820: 000000001fff0000 - 0000000020000000 (ACPI data)
Nov 21 17:26:22 nefarious-laptop kernel: [    0.000000]  BIOS-e820: 00000000fffc0000 - 0000000100000000 (reserved)
Nov 21 17:26:22 nefarious-laptop kernel: [    0.000000] DMI 2.5 present.
Nov 21 17:26:22 nefarious-laptop kernel: [    0.000000] last_pfn = 0x1fff0 max_arch_pfn = 0x100000
Nov 21 17:26:22 nefarious-laptop kernel: [    0.000000] CPU MTRRs all blank - virtualized system.
Nov 21 17:26:22 nefarious-laptop kernel: [    0.000000] Scanning 2 areas for low memory corruption
Nov 21 17:26:22 nefarious-laptop kernel: [    0.000000] modified physical RAM map:
Nov 21 17:26:22 nefarious-laptop kernel: [    0.000000]  modified: 0000000000000000 - 0000000000002000 (usable)
Nov 21 17:26:22 nefarious-laptop kernel: [    0.000000]  modified: 0000000000002000 - 0000000000006000 (reserved)
Nov 21 17:26:22 nefarious-laptop kernel: [    0.000000]  modified: 0000000000006000 - 0000000000007000 (usable)
Nov 21 17:26:22 nefarious-laptop kernel: [    0.000000]  modified: 0000000000007000 - 0000000000010000 (reserved)
Nov 21 17:26:22 nefarious-laptop kernel: [    0.000000]  modified: 0000000000010000 - 0000000000092c00 (usable)
Nov 21 17:26:22 nefarious-laptop kernel: [    0.000000]  modified: 000000000009fc00 - 00000000000a0000 (reserved)
Nov 21 17:26:22 nefarious-laptop kernel: [    0.000000]  modified: 00000000000f0000 - 0000000000100000 (reserved)
Nov 21 17:26:22 nefarious-laptop kernel: [    0.000000]  modified: 0000000000100000 - 000000001fff0000 (usable)
Nov 21 17:26:22 nefarious-laptop kernel: [    0.000000]  modified: 000000001fff0000 - 0000000020000000 (ACPI data)
Nov 21 17:26:22 nefarious-laptop kernel: [    0.000000]  modified: 00000000fffc0000 - 0000000100000000 (reserved)
Nov 21 17:26:22 nefarious-laptop kernel: [    0.000000] kernel direct mapping tables up to 1fff0000 @ 10000-16000
Nov 21 17:26:22 nefarious-laptop kernel: [    0.000000] RAMDISK: 1f8a1000 - 1ffdf88a
Nov 21 17:26:22 nefarious-laptop kernel: [    0.000000] ACPI: RSDP 000E0000, 0024 (r2 VBOX  )
Nov 21 17:26:22 nefarious-laptop kernel: [    0.000000] ACPI: XSDT 1FFF0030, 002C (r1 VBOX   VBOXXSDT        1 ASL        61)
Nov 21 17:26:22 nefarious-laptop kernel: [    0.000000] ACPI: FACP 1FFF00E0, 00F4 (r4 VBOX   VBOXFACP        1 ASL        61)
Nov 21 17:26:22 nefarious-laptop kernel: [    0.000000] ACPI: DSDT 1FFF0220, 1A0C (r1 VBOX   VBOXBIOS        2 INTL 20090521)
Nov 21 17:26:22 nefarious-laptop kernel: [    0.000000] ACPI: FACS 1FFF01E0, 0040
Nov 21 17:26:22 nefarious-laptop kernel: [    0.000000] 0MB HIGHMEM available.
Nov 21 17:26:22 nefarious-laptop kernel: [    0.000000] 511MB LOWMEM available.
Nov 21 17:26:22 nefarious-laptop kernel: [    0.000000]   mapped low ram: 0 - 1fff0000
Nov 21 17:26:22 nefarious-laptop kernel: [    0.000000]   low ram: 00000000 - 1fff0000
Nov 21 17:26:22 nefarious-laptop kernel: [    0.000000]   bootmap 00012000 - 00016000
Nov 21 17:26:22 nefarious-laptop kernel: [    0.000000] (9 early reservations) ==> bootmem [0000000000 - 001fff0000]
Nov 21 17:26:22 nefarious-laptop kernel: [    0.000000]   #0 [0000000000 - 0000001000]   BIOS data page ==> [0000000000 - 0000001000]
Nov 21 17:26:22 nefarious-laptop kernel: [    0.000000]   #1 [0000001000 - 0000002000]    EX TRAMPOLINE ==> [0000001000 - 0000002000]
Nov 21 17:26:22 nefarious-laptop kernel: [    0.000000]   #2 [0000006000 - 0000007000]       TRAMPOLINE ==> [0000006000 - 0000007000]
Nov 21 17:26:22 nefarious-laptop kernel: [    0.000000]   #3 [0000100000 - 000087c52c]    TEXT DATA BSS ==> [0000100000 - 000087c52c]
Nov 21 17:26:22 nefarious-laptop kernel: [    0.000000]   #4 [001f8a1000 - 001ffdf88a]          RAMDISK ==> [001f8a1000 - 001ffdf88a]
Nov 21 17:26:22 nefarious-laptop kernel: [    0.000000]   #5 [000087d000 - 0000881000]    INIT_PG_TABLE ==> [000087d000 - 0000881000]
Nov 21 17:26:22 nefarious-laptop kernel: [    0.000000]   #6 [000009fc00 - 0000100000]    BIOS reserved ==> [000009fc00 - 0000100000]
Nov 21 17:26:22 nefarious-laptop kernel: [    0.000000]   #7 [0000010000 - 0000012000]          PGTABLE ==> [0000010000 - 0000012000]
Nov 21 17:26:22 nefarious-laptop kernel: [    0.000000]   #8 [0000012000 - 0000016000]          BOOTMAP ==> [0000012000 - 0000016000]
Nov 21 17:26:22 nefarious-laptop kernel: [    0.000000] Zone PFN ranges:
Nov 21 17:26:22 nefarious-laptop kernel: [    0.000000]   DMA      0x00000000 -> 0x00001000
Nov 21 17:26:22 nefarious-laptop kernel: [    0.000000]   Normal   0x00001000 -> 0x0001fff0
Nov 21 17:26:22 nefarious-laptop kernel: [    0.000000]   HighMem  0x0001fff0 -> 0x0001fff0
Nov 21 17:26:22 nefarious-laptop kernel: [    0.000000] Movable zone start PFN for each node
Nov 21 17:26:22 nefarious-laptop kernel: [    0.000000] early_node_map[4] active PFN ranges
Nov 21 17:26:22 nefarious-laptop kernel: [    0.000000]     0: 0x00000000 -> 0x00000002
Nov 21 17:26:22 nefarious-laptop kernel: [    0.000000]     0: 0x00000006 -> 0x00000007
Nov 21 17:26:22 nefarious-laptop kernel: [    0.000000]     0: 0x00000010 -> 0x00000092
Nov 21 17:26:22 nefarious-laptop kernel: [    0.000000]     0: 0x00000100 -> 0x0001fff0
Nov 21 17:26:22 nefarious-laptop kernel: [    0.000000] On node 0 totalpages: 130933
Nov 21 17:26:22 nefarious-laptop kernel: [    0.000000] free_area_init_node: node 0, pgdat c06d0f80, node_mem_map c1000000
Nov 21 17:26:22 nefarious-laptop kernel: [    0.000000]   DMA zone: 32 pages used for memmap
Nov 21 17:26:22 nefarious-laptop kernel: [    0.000000]   DMA zone: 0 pages reserved
Nov 21 17:26:22 nefarious-laptop kernel: [    0.000000]   DMA zone: 3941 pages, LIFO batch:0
Nov 21 17:26:22 nefarious-laptop kernel: [    0.000000]   Normal zone: 992 pages used for memmap
Nov 21 17:26:22 nefarious-laptop kernel: [    0.000000]   Normal zone: 125968 pages, LIFO batch:31
Nov 21 17:26:22 nefarious-laptop kernel: [    0.000000]   HighMem zone: 0 pages used for memmap
Nov 21 17:26:22 nefarious-laptop kernel: [    0.000000]   Movable zone: 0 pages used for memmap
Nov 21 17:26:22 nefarious-laptop kernel: [    0.000000] ACPI: PM-Timer IO Port: 0x4008
Nov 21 17:26:22 nefarious-laptop kernel: [    0.000000] SMP: Allowing 1 CPUs, 0 hotplug CPUs
Nov 21 17:26:22 nefarious-laptop kernel: [    0.000000] Found and enabled local APIC!
Nov 21 17:26:22 nefarious-laptop kernel: [    0.000000] PM: Registered nosave memory: 0000000000002000 - 0000000000006000
Nov 21 17:26:22 nefarious-laptop kernel: [    0.000000] PM: Registered nosave memory: 0000000000007000 - 0000000000010000
Nov 21 17:26:22 nefarious-laptop kernel: [    0.000000] PM: Registered nosave memory: 0000000000092000 - 00000000000a0000
Nov 21 17:26:22 nefarious-laptop kernel: [    0.000000] PM: Registered nosave memory: 00000000000a0000 - 00000000000f0000
Nov 21 17:26:22 nefarious-laptop kernel: [    0.000000] PM: Registered nosave memory: 00000000000f0000 - 0000000000100000
Nov 21 17:26:22 nefarious-laptop kernel: [    0.000000] Allocating PCI resources starting at 30000000 (gap: 20000000:dffc0000)
Nov 21 17:26:22 nefarious-laptop kernel: [    0.000000] PERCPU: Allocating 45056 bytes of per cpu data
Nov 21 17:26:22 nefarious-laptop kernel: [    0.000000] NR_CPUS: 64, nr_cpu_ids: 1, nr_node_ids 1
Nov 21 17:26:22 nefarious-laptop kernel: [    0.000000] Built 1 zonelists in Zone order, mobility grouping on.  Total pages: 129909
Nov 21 17:26:22 nefarious-laptop kernel: [    0.000000] Kernel command line: root=UUID=5682e4e0-1bb4-4186-af8b-8dafe126877d ro quiet splash 
Nov 21 17:26:22 nefarious-laptop kernel: [    0.000000] Enabling fast FPU save and restore... done.
Nov 21 17:26:22 nefarious-laptop kernel: [    0.000000] Enabling unmasked SIMD FPU exception support... done.
Nov 21 17:26:22 nefarious-laptop kernel: [    0.000000] Initializing CPU#0
Nov 21 17:26:22 nefarious-laptop kernel: [    0.000000] PID hash table entries: 2048 (order: 11, 8192 bytes)
Nov 21 17:26:22 nefarious-laptop kernel: [    0.000000] TSC: Unable to calibrate against PIT
Nov 21 17:26:22 nefarious-laptop kernel: [    0.000000] TSC: using PMTIMER reference calibration
Nov 21 17:26:22 nefarious-laptop kernel: [    0.000000] Detected 2393.363 MHz processor.
Nov 21 17:26:22 nefarious-laptop kernel: [    0.004000] Console: colour VGA+ 80x25
Nov 21 17:26:22 nefarious-laptop kernel: [    0.004000] console [tty0] enabled
Nov 21 17:26:22 nefarious-laptop kernel: [    0.004000] Dentry cache hash table entries: 65536 (order: 6, 262144 bytes)
Nov 21 17:26:22 nefarious-laptop kernel: [    0.004000] Inode-cache hash table entries: 32768 (order: 5, 131072 bytes)
Nov 21 17:26:22 nefarious-laptop kernel: [    0.004000] allocated 2621120 bytes of page_cgroup
Nov 21 17:26:22 nefarious-laptop kernel: [    0.004000] please try cgroup_disable=memory option if you don't want
Nov 21 17:26:22 nefarious-laptop kernel: [    0.004000] Scanning for low memory corruption every 60 seconds
Nov 21 17:26:22 nefarious-laptop kernel: [    0.004000] Memory: 501352k/524224k available (4126k kernel code, 22252k reserved, 2208k data, 532k init, 0k highmem)
Nov 21 17:26:22 nefarious-laptop kernel: [    0.004000] virtual kernel memory layout:
Nov 21 17:26:22 nefarious-laptop kernel: [    0.004000]     fixmap  : 0xffc77000 - 0xfffff000   (3616 kB)
Nov 21 17:26:22 nefarious-laptop kernel: [    0.004000]     pkmap   : 0xff400000 - 0xff800000   (4096 kB)
Nov 21 17:26:22 nefarious-laptop kernel: [    0.004000]     vmalloc : 0xe07f0000 - 0xff3fe000   ( 492 MB)
Nov 21 17:26:22 nefarious-laptop kernel: [    0.004000]     lowmem  : 0xc0000000 - 0xdfff0000   ( 511 MB)
Nov 21 17:26:22 nefarious-laptop kernel: [    0.004000]       .init : 0xc0737000 - 0xc07bc000   ( 532 kB)
Nov 21 17:26:22 nefarious-laptop kernel: [    0.004000]       .data : 0xc0507a6f - 0xc072fe60   (2208 kB)
Nov 21 17:26:22 nefarious-laptop kernel: [    0.004000]       .text : 0xc0100000 - 0xc0507a6f   (4126 kB)
Nov 21 17:26:22 nefarious-laptop kernel: [    0.004000] Checking if this processor honours the WP bit even in supervisor mode...Ok.
Nov 21 17:26:22 nefarious-laptop kernel: [    0.004000] SLUB: Genslabs=12, HWalign=64, Order=0-3, MinObjects=0, CPUs=1, Nodes=1
Nov 21 17:26:22 nefarious-laptop kernel: [    0.005277] Calibrating delay loop (skipped), value calculated using timer frequency.. 4786.72 BogoMIPS (lpj=9573452)
Nov 21 17:26:22 nefarious-laptop kernel: [    0.013706] Security Framework initialized
Nov 21 17:26:22 nefarious-laptop kernel: [    0.014072] SELinux:  Disabled at boot.
Nov 21 17:26:22 nefarious-laptop kernel: [    0.017167] AppArmor: AppArmor initialized
Nov 21 17:26:22 nefarious-laptop kernel: [    0.017527] Mount-cache hash table entries: 512
Nov 21 17:26:22 nefarious-laptop kernel: [    0.029570] Initializing cgroup subsys ns
Nov 21 17:26:22 nefarious-laptop kernel: [    0.029676] Initializing cgroup subsys cpuacct
Nov 21 17:26:22 nefarious-laptop kernel: [    0.029797] Initializing cgroup subsys memory
Nov 21 17:26:22 nefarious-laptop kernel: [    0.029922] Initializing cgroup subsys freezer
Nov 21 17:26:22 nefarious-laptop kernel: [    0.030810] 
Nov 21 17:26:22 nefarious-laptop kernel: [    0.030869] using mwait in idle threads.
Nov 21 17:26:22 nefarious-laptop kernel: [    0.031290] Checking 'hlt' instruction... OK.
Nov 21 17:26:22 nefarious-laptop kernel: [    0.048989] SMP alternatives: switching to UP code
Nov 21 17:26:22 nefarious-laptop kernel: [    0.716002] Freeing SMP alternatives: 18k freed
Nov 21 17:26:22 nefarious-laptop kernel: [    0.721138] ACPI: Core revision 20080926
Nov 21 17:26:22 nefarious-laptop kernel: [    0.729422] ACPI: Checking initramfs for custom DSDT
Nov 21 17:26:22 nefarious-laptop kernel: [    1.031793] ACPI: setting ELCR to 0200 (from 0e20)
Nov 21 17:26:22 nefarious-laptop kernel: [    1.114231] weird, boot CPU (#0) not listedby the BIOS.
Nov 21 17:26:22 nefarious-laptop kernel: [    1.114596] SMP motherboard not detected.
Nov 21 17:26:22 nefarious-laptop kernel: [    1.116003] APIC calibration not consistent with PM Timer: 123ms instead of 100ms
Nov 21 17:26:22 nefarious-laptop kernel: [    1.116003] APIC delta adjusted to PM-Timer: 6250040 (7749684)
Nov 21 17:26:22 nefarious-laptop kernel: [    1.116003] SMP disabled
Nov 21 17:26:22 nefarious-laptop kernel: [    1.132469] Brought up 1 CPUs
Nov 21 17:26:22 nefarious-laptop kernel: [    1.132489] Total of 1 processors activated (4786.72 BogoMIPS).
Nov 21 17:26:22 nefarious-laptop kernel: [    1.132520] CPU0 attaching NULL sched-domain.
Nov 21 17:26:22 nefarious-laptop kernel: [    1.138545] net_namespace: 776 bytes
Nov 21 17:26:22 nefarious-laptop kernel: [    1.140567] Booting paravirtualized kernel on bare hardware
Nov 21 17:26:22 nefarious-laptop kernel: [    1.144255] Time: 22:25:45  Date: 11/21/09
Nov 21 17:26:22 nefarious-laptop kernel: [    1.144563] regulator: core version 0.5
Nov 21 17:26:22 nefarious-laptop kernel: [    1.144833] NET: Registered protocol family 16
Nov 21 17:26:22 nefarious-laptop kernel: [    1.153412] EISA bus registered
Nov 21 17:26:22 nefarious-laptop kernel: [    1.153791] ACPI: bus type pci registered
Nov 21 17:26:22 nefarious-laptop kernel: [    1.160495] PCI: PCI BIOS revision 2.10 entry at 0xfc080, last bus=0
Nov 21 17:26:22 nefarious-laptop kernel: [    1.160606] PCI: Using configuration type 1 for base access
Nov 21 17:26:22 nefarious-laptop kernel: [    1.169275] ACPI: EC: Look up EC in DSDT
Nov 21 17:26:22 nefarious-laptop kernel: [    1.242553] ACPI: Interpreter enabled
Nov 21 17:26:22 nefarious-laptop kernel: [    1.242575] ACPI: (supports S0 S5)
Nov 21 17:26:22 nefarious-laptop kernel: [    1.242607] ACPI: Using PIC for interrupt routing
Nov 21 17:26:22 nefarious-laptop kernel: [    1.424419] ACPI: No dock devices found.
Nov 21 17:26:22 nefarious-laptop kernel: [    1.427967] ACPI: PCI Root Bridge [PCI0] (0000:00)
Nov 21 17:26:22 nefarious-laptop kernel: [    1.433114] pci 0000:00:01.1: reg 20 io port: [0xd000-0xd00f]
Nov 21 17:26:22 nefarious-laptop kernel: [    1.433951] pci 0000:00:02.0: reg 10 32bit mmio: [0xe0000000-0xe0ffffff]
Nov 21 17:26:22 nefarious-laptop kernel: [    1.434385] pci 0000:00:03.0: reg 10 io port: [0xd020-0xd03f]
Nov 21 17:26:22 nefarious-laptop kernel: [    1.434462] pci 0000:00:03.0: reg 14 32bit mmio: [0xf0000000-0xf0000fff]
Nov 21 17:26:22 nefarious-laptop kernel: [    1.434531] pci 0000:00:03.0: reg 18 32bit mmio: [0xf0080000-0xf00fffff]
Nov 21 17:26:22 nefarious-laptop kernel: [    1.434862] pci 0000:00:04.0: reg 10 io port: [0xd040-0xd05f]
Nov 21 17:26:22 nefarious-laptop kernel: [    1.434950] pci 0000:00:04.0: reg 14 32bit mmio: [0xf0400000-0xf07fffff]
Nov 21 17:26:22 nefarious-laptop kernel: [    1.435016] pci 0000:00:04.0: reg 18 32bit mmio: [0xf0800000-0xf0803fff]
Nov 21 17:26:22 nefarious-laptop kernel: [    1.435353] pci 0000:00:05.0: reg 10 io port: [0xd100-0xd1ff]
Nov 21 17:26:22 nefarious-laptop kernel: [    1.435409] pci 0000:00:05.0: reg 14 io port: [0xd200-0xd23f]
Nov 21 17:26:22 nefarious-laptop kernel: [    1.435795] pci 0000:00:06.0: reg 10 32bit mmio: [0xf0804000-0xf0804fff]
Nov 21 17:26:22 nefarious-laptop kernel: [    1.438275] pci 0000:00:0b.0: reg 10 32bit mmio: [0xf0805000-0xf0805fff]
Nov 21 17:26:22 nefarious-laptop kernel: [    1.438625] bus 00 -> node 0
Nov 21 17:26:22 nefarious-laptop kernel: [    1.438683] ACPI: PCI Interrupt Routing Table [\_SB_.PCI0._PRT]
Nov 21 17:26:22 nefarious-laptop kernel: [    2.144672] Clocksource tsc unstable (delta = 186986460 ns)
Nov 21 17:26:22 nefarious-laptop kernel: [    2.189136] ACPI: PCI Interrupt Link [LNKA] (IRQs 5 *9 10 11)
Nov 21 17:26:22 nefarious-laptop kernel: [    2.189451] ACPI: PCI Interrupt Link [LNKB] (IRQs *5 9 10 11)
Nov 21 17:26:22 nefarious-laptop kernel: [    2.189591] ACPI: PCI Interrupt Link [LNKC] (IRQs 5 9 10 *11)
Nov 21 17:26:22 nefarious-laptop kernel: [    2.189726] ACPI: PCI Interrupt Link [LNKD] (IRQs 5 9 *10 11)
Nov 21 17:26:22 nefarious-laptop kernel: [    2.189941] ACPI: WMI: Mapper loaded
Nov 21 17:26:22 nefarious-laptop kernel: [    2.191473] SCSI subsystem initialized
Nov 21 17:26:22 nefarious-laptop kernel: [    2.193151] libata version 3.00 loaded.
Nov 21 17:26:22 nefarious-laptop kernel: [    2.193616] usbcore: registered new interface driver usbfs
Nov 21 17:26:22 nefarious-laptop kernel: [    2.193910] usbcore: registered new interface driver hub
Nov 21 17:26:22 nefarious-laptop kernel: [    2.194098] usbcore: registered new device driver usb
Nov 21 17:26:22 nefarious-laptop kernel: [    2.205699] PCI: Using ACPI for IRQ routing
Nov 21 17:26:22 nefarious-laptop kernel: [    2.209348] Bluetooth: Core ver 2.13
Nov 21 17:26:22 nefarious-laptop kernel: [    2.209880] NET: Registered protocol family 31
Nov 21 17:26:22 nefarious-laptop kernel: [    2.209892] Bluetooth: HCI device and connection manager initialized
Nov 21 17:26:22 nefarious-laptop kernel: [    2.209909] Bluetooth: HCI socket layer initialized
Nov 21 17:26:22 nefarious-laptop kernel: [    2.209922] NET: Registered protocol family 8
Nov 21 17:26:22 nefarious-laptop kernel: [    2.209929] NET: Registered protocol family 20
Nov 21 17:26:22 nefarious-laptop kernel: [    2.209966] NetLabel: Initializing
Nov 21 17:26:22 nefarious-laptop kernel: [    2.209975] NetLabel:  domain hash size = 128
Nov 21 17:26:22 nefarious-laptop kernel: [    2.209983] NetLabel:  protocols = UNLABELED CIPSOv4
Nov 21 17:26:22 nefarious-laptop kernel: [    2.210171] NetLabel:  unlabeled traffic allowed by default
Nov 21 17:26:22 nefarious-laptop kernel: [    2.213568] AppArmor: AppArmor Filesystem Enabled
Nov 21 17:26:22 nefarious-laptop kernel: [    2.213666] pnp: PnP ACPI init
Nov 21 17:26:22 nefarious-laptop kernel: [    2.213666] ACPI: bus type pnp registered
Nov 21 17:26:22 nefarious-laptop kernel: [    2.253025] pnp: PnP ACPI: found 6 devices
Nov 21 17:26:22 nefarious-laptop kernel: [    2.253038] ACPI: ACPI bus type pnp unregistered
Nov 21 17:26:22 nefarious-laptop kernel: [    2.254818] PnPBIOS: Disabled by ACPI PNP
Nov 21 17:26:22 nefarious-laptop kernel: [    2.290776] bus: 00 index 0 io port: [0x00-0xffff]
Nov 21 17:26:22 nefarious-laptop kernel: [    2.290789] bus: 00 index 1 mmio: [0x000000-0xffffffff]
Nov 21 17:26:22 nefarious-laptop kernel: [    2.290818] NET: Registered protocol family 2
Nov 21 17:26:22 nefarious-laptop kernel: [    2.293767] Switched to high resolution mode on CPU 0
Nov 21 17:26:22 nefarious-laptop kernel: [    2.295520] IP route cache hash table entries: 4096 (order: 2, 16384 bytes)
Nov 21 17:26:22 nefarious-laptop kernel: [    2.295839] TCP established hash table entries: 16384 (order: 5, 131072 bytes)
Nov 21 17:26:22 nefarious-laptop kernel: [    2.295965] TCP bind hash table entries: 16384 (order: 5, 131072 bytes)
Nov 21 17:26:22 nefarious-laptop kernel: [    2.299048] TCP: Hash tables configured (established 16384 bind 16384)
Nov 21 17:26:22 nefarious-laptop kernel: [    2.299078] TCP reno registered
Nov 21 17:26:22 nefarious-laptop kernel: [    2.301130] NET: Registered protocol family 1
Nov 21 17:26:22 nefarious-laptop kernel: [    2.301324] checking if image is initramfs... it is
Nov 21 17:26:22 nefarious-laptop kernel: [    3.318431] Freeing initrd memory: 7418k freed
Nov 21 17:26:22 nefarious-laptop kernel: [    3.319101] platform rtc_cmos: registered platform RTC device (no PNP device found)
Nov 21 17:26:22 nefarious-laptop kernel: [    3.319356] cpufreq: No nForce2 chipset.
Nov 21 17:26:22 nefarious-laptop kernel: [    3.322764] audit: initializing netlink socket (disabled)
Nov 21 17:26:22 nefarious-laptop kernel: [    3.323174] type=2000 audit(1258842347.320:1): initialized
Nov 21 17:26:22 nefarious-laptop kernel: [    3.356380] HugeTLB registered 4 MB page size, pre-allocated 0 pages
Nov 21 17:26:22 nefarious-laptop kernel: [    3.357684] VFS: Disk quotas dquot_6.5.1
Nov 21 17:26:22 nefarious-laptop kernel: [    3.357760] Dquot-cache hash table entries: 1024 (order 0, 4096 bytes)
Nov 21 17:26:22 nefarious-laptop kernel: [    3.359148] fuse init (API version 7.10)
Nov 21 17:26:22 nefarious-laptop kernel: [    3.359234] msgmni has been set to 993
Nov 21 17:26:22 nefarious-laptop kernel: [    3.410913] alg: No test for stdrng (krng)
Nov 21 17:26:22 nefarious-laptop kernel: [    3.413705] io scheduler noop registered
Nov 21 17:26:22 nefarious-laptop kernel: [    3.413719] io scheduler anticipatory registered
Nov 21 17:26:22 nefarious-laptop kernel: [    3.413727] io scheduler deadline registered
Nov 21 17:26:22 nefarious-laptop kernel: [    3.413836] io scheduler cfq registered (default)
Nov 21 17:26:22 nefarious-laptop kernel: [    3.413908] pci 0000:00:00.0: Limiting direct PCI/PCI transfers
Nov 21 17:26:22 nefarious-laptop kernel: [    3.414521] pci 0000:00:01.0: Activating ISA DMA hang workarounds
Nov 21 17:26:22 nefarious-laptop kernel: [    3.414553] pci 0000:00:02.0: Boot video device
Nov 21 17:26:22 nefarious-laptop kernel: [    4.010844] pci_hotplug: PCI Hot Plug PCI Core version: 0.5
Nov 21 17:26:22 nefarious-laptop kernel: [    4.010867] pciehp: PCI Express Hot Plug Controller Driver version: 0.4
Nov 21 17:26:22 nefarious-laptop kernel: [    4.027301] ACPI: AC Adapter [AC] (on-line)
Nov 21 17:26:22 nefarious-laptop kernel: [    4.460207] ACPI: Battery Slot [BAT0] (battery present)
Nov 21 17:26:22 nefarious-laptop kernel: [    4.460698] input: Power Button (FF) as /devices/LNXSYSTM:00/LNXPWRBN:00/input/input0
Nov 21 17:26:22 nefarious-laptop kernel: [    4.460710] ACPI: Power Button (FF) [PWRF]
Nov 21 17:26:22 nefarious-laptop kernel: [    4.460822] input: Sleep Button (FF) as /devices/LNXSYSTM:00/LNXSLPBN:00/input/input1
Nov 21 17:26:22 nefarious-laptop kernel: [    4.460834] ACPI: Sleep Button (FF) [SLPF]
Nov 21 17:26:22 nefarious-laptop kernel: [    4.667526] isapnp: Scanning for PnP cards...
Nov 21 17:26:22 nefarious-laptop kernel: [    5.523018] isapnp: No Plug & Play device found
Nov 21 17:26:22 nefarious-laptop kernel: [    5.790772] Serial: 8250/16550 driver4 ports, IRQ sharing enabled
Nov 21 17:26:22 nefarious-laptop kernel: [    5.798340] brd: module loaded
Nov 21 17:26:22 nefarious-laptop kernel: [    5.798859] loop: module loaded
Nov 21 17:26:22 nefarious-laptop kernel: [    5.798982] Fixed MDIO Bus: probed
Nov 21 17:26:22 nefarious-laptop kernel: [    5.799001] PPP generic driver version 2.4.2
Nov 21 17:26:22 nefarious-laptop kernel: [    5.799087] input: Macintosh mouse button emulation as /devices/virtual/input/input2
Nov 21 17:26:22 nefarious-laptop kernel: [    5.799155] Driver 'sd' needs updating - please use bus_type methods
Nov 21 17:26:22 nefarious-laptop kernel: [    5.799173] Driver 'sr' needs updating - please use bus_type methods
Nov 21 17:26:22 nefarious-laptop kernel: [    5.799256] ata_piix 0000:00:01.1: version 2.12
Nov 21 17:26:22 nefarious-laptop kernel: [    5.854573] scsi0 : ata_piix
Nov 21 17:26:22 nefarious-laptop kernel: [    5.854965] scsi1 : ata_piix
Nov 21 17:26:22 nefarious-laptop kernel: [    5.855460] ata1: PATA max UDMA/33 cmd 0x1f0 ctl 0x3f6 bmdma 0xd000 irq 14
Nov 21 17:26:22 nefarious-laptop kernel: [    5.855473] ata2: PATA max UDMA/33 cmd 0x170 ctl 0x376 bmdma 0xd008 irq 15
Nov 21 17:26:22 nefarious-laptop kernel: [    6.072769] ata1.00: ATA-6: VBOX HARDDISK, 1.0, max UDMA/133
Nov 21 17:26:22 nefarious-laptop kernel: [    6.072783] ata1.00: 8388608 sectors, multi 128: LBA 
Nov 21 17:26:22 nefarious-laptop kernel: [    6.089866] ata1.00: configured for UDMA/33
Nov 21 17:26:22 nefarious-laptop kernel: [    6.261368] ata2.00: ATAPI: VBOX CD-ROM, 1.0, max UDMA/133
Nov 21 17:26:22 nefarious-laptop kernel: [    6.301120] ata2.00: configured for UDMA/33
Nov 21 17:26:22 nefarious-laptop kernel: [    6.450967] scsi 0:0:0:0: Direct-Access     ATA      VBOX HARDDISK    1.0  PQ: 0 ANSI: 5
Nov 21 17:26:22 nefarious-laptop kernel: [    6.454190] sd 0:0:0:0: [sda] 8388608 512-byte hardware sectors: (4.29 GB/4.00 GiB)
Nov 21 17:26:22 nefarious-laptop kernel: [    6.455061] sd 0:0:0:0: [sda] Write Protect is off
Nov 21 17:26:22 nefarious-laptop kernel: [    6.455085] sd 0:0:0:0: [sda] Mode Sense: 00 3a 00 00
Nov 21 17:26:22 nefarious-laptop kernel: [    6.455340] sd 0:0:0:0: [sda] Write cache: enabled, read cache: enabled, doesn't support DPO or FUA
Nov 21 17:26:22 nefarious-laptop kernel: [    6.458824] sd 0:0:0:0: [sda] 8388608 512-byte hardware sectors: (4.29 GB/4.00 GiB)
Nov 21 17:26:22 nefarious-laptop kernel: [    6.459021] sd 0:0:0:0: [sda] Write Protect is off
Nov 21 17:26:22 nefarious-laptop kernel: [    6.459044] sd 0:0:0:0: [sda] Mode Sense: 00 3a 00 00
Nov 21 17:26:22 nefarious-laptop kernel: [    6.459382] sd 0:0:0:0: [sda] Write cache: enabled, read cache: enabled, doesn't support DPO or FUA
Nov 21 17:26:22 nefarious-laptop kernel: [    6.459416]  sda: sda1 sda2 sda3 < sda5 >
Nov 21 17:26:22 nefarious-laptop kernel: [    6.554827] sd 0:0:0:0: [sda] Attached SCSI disk
Nov 21 17:26:22 nefarious-laptop kernel: [    6.555802] sd 0:0:0:0: Attached scsi generic sg0 type 0
Nov 21 17:26:22 nefarious-laptop kernel: [    6.592152] scsi 1:0:0:0: CD-ROM            VBOX     CD-ROM           1.0  PQ: 0 ANSI: 5
Nov 21 17:26:22 nefarious-laptop kernel: [    6.612671] sr0: scsi3-mmc drive: 32x/32x xa/form2 tray
Nov 21 17:26:22 nefarious-laptop kernel: [    6.612690] Uniform CD-ROM driver Revision: 3.20
Nov 21 17:26:22 nefarious-laptop kernel: [    6.612841] sr 1:0:0:0: Attached scsi CD-ROM sr0
Nov 21 17:26:22 nefarious-laptop kernel: [    6.612914] sr 1:0:0:0: Attached scsi generic sg1 type 5
Nov 21 17:26:22 nefarious-laptop kernel: [    6.613534] ehci_hcd: USB 2.0 'Enhanced' Host Controller (EHCI) Driver
Nov 21 17:26:22 nefarious-laptop kernel: [    6.614000] ACPI: PCI Interrupt Link [LNKC] enabled at IRQ 11
Nov 21 17:26:22 nefarious-laptop kernel: [    6.614018] PCI: setting IRQ 11 as level-triggered
Nov 21 17:26:22 nefarious-laptop kernel: [    6.614033] ehci_hcd 0000:00:0b.0: PCI INT A -> Link[LNKC] -> GSI 11 (level, low) -> IRQ 11
Nov 21 17:26:22 nefarious-laptop kernel: [    6.614172] ehci_hcd 0000:00:0b.0: EHCI Host Controller
Nov 21 17:26:22 nefarious-laptop kernel: [    6.614279] ehci_hcd 0000:00:0b.0: new USB bus registered, assigned bus number 1
Nov 21 17:26:22 nefarious-laptop kernel: [    6.642353] ehci_hcd 0000:00:0b.0: irq 11, io mem 0xf0805000
Nov 21 17:26:22 nefarious-laptop kernel: [    6.701103] ehci_hcd 0000:00:0b.0: USB 2.0 started, EHCI 1.00
Nov 21 17:26:22 nefarious-laptop kernel: [    6.706058] usb usb1: configuration #1 chosen from 1 choice
Nov 21 17:26:22 nefarious-laptop kernel: [    6.706117] hub 1-0:1.0: USB hub found
Nov 21 17:26:22 nefarious-laptop kernel: [    6.709377] hub 1-0:1.0: 8 ports detected
Nov 21 17:26:22 nefarious-laptop kernel: [    6.709973] ohci_hcd: USB 1.1 'Open' Host Controller (OHCI) Driver
Nov 21 17:26:22 nefarious-laptop kernel: [    6.722603] ACPI: PCI Interrupt Link [LNKB] enabled at IRQ 5
Nov 21 17:26:22 nefarious-laptop kernel: [    6.722623] PCI: setting IRQ 5 as level-triggered
Nov 21 17:26:22 nefarious-laptop kernel: [    6.722637] ohci_hcd 0000:00:06.0: PCI INT A -> Link[LNKB] -> GSI 5 (level, low) -> IRQ 5
Nov 21 17:26:22 nefarious-laptop kernel: [    6.722727] ohci_hcd 0000:00:06.0: OHCI Host Controller
Nov 21 17:26:22 nefarious-laptop kernel: [    6.722820] ohci_hcd 0000:00:06.0: new USB bus registered, assigned bus number 2
Nov 21 17:26:22 nefarious-laptop kernel: [    6.722886] ohci_hcd 0000:00:06.0: irq 5, io mem 0xf0804000
Nov 21 17:26:22 nefarious-laptop kernel: [    6.783901] usb usb2: configuration #1 chosen from 1 choice
Nov 21 17:26:22 nefarious-laptop kernel: [    6.783937] hub 2-0:1.0: USB hub found
Nov 21 17:26:22 nefarious-laptop kernel: [    6.785843] hub 2-0:1.0: 8 ports detected
Nov 21 17:26:22 nefarious-laptop kernel: [    6.788374] uhci_hcd: USB Universal Host Controller Interface driver
Nov 21 17:26:22 nefarious-laptop kernel: [    6.788508] usbcore: registered new interface driver libusual
Nov 21 17:26:22 nefarious-laptop kernel: [    6.788581] usbcore: registered new interface driver usbserial
Nov 21 17:26:22 nefarious-laptop kernel: [    6.788874] USB Serial support registered for generic
Nov 21 17:26:22 nefarious-laptop kernel: [    6.788897] usbcore: registered new interface driver usbserial_generic
Nov 21 17:26:22 nefarious-laptop kernel: [    6.788906] usbserial: USB Serial Driver core
Nov 21 17:26:22 nefarious-laptop kernel: [    6.789390] PNP: PS/2 Controller [PNP0303:PS2K,PNP0f03:PS2M] at 0x60,0x64 irq 1,12
Nov 21 17:26:22 nefarious-laptop kernel: [    6.793327] serio: i8042 KBD port at 0x60,0x64 irq 1
Nov 21 17:26:22 nefarious-laptop kernel: [    6.793505] serio: i8042 AUX port at 0x60,0x64 irq 12
Nov 21 17:26:22 nefarious-laptop kernel: [    6.794329] mice: PS/2 mouse device common for all mice
Nov 21 17:26:22 nefarious-laptop kernel: [    6.798050] rtc_cmos rtc_cmos: rtc core: registered rtc_cmos as rtc0
Nov 21 17:26:22 nefarious-laptop kernel: [    6.799405] rtc0: alarms up to one day, 114 bytes nvram
Nov 21 17:26:22 nefarious-laptop kernel: [    6.799759] device-mapper: uevent: version 1.0.3
Nov 21 17:26:22 nefarious-laptop kernel: [    6.818388] input: AT Translated Set 2 keyboard as /devices/platform/i8042/serio0/input/input3
Nov 21 17:26:22 nefarious-laptop kernel: [    6.818929] device-mapper: ioctl: 4.14.0-ioctl (2008-04-23) initialised: dm-devel@redhat.com
Nov 21 17:26:22 nefarious-laptop kernel: [    6.819219] device-mapper: multipath: version 1.0.5 loaded
Nov 21 17:26:22 nefarious-laptop kernel: [    6.819233] device-mapper: multipath round-robin: version 1.0.0 loaded
Nov 21 17:26:22 nefarious-laptop kernel: [    6.819502] EISA: Probing bus 0 at eisa.0
Nov 21 17:26:22 nefarious-laptop kernel: [    6.819526] Cannot allocate resource for EISA slot 4
Nov 21 17:26:22 nefarious-laptop kernel: [    6.819544] EISA: Detected 0 cards.
Nov 21 17:26:22 nefarious-laptop kernel: [    6.852774] cpuidle: using governor ladder
Nov 21 17:26:22 nefarious-laptop kernel: [    6.852787] cpuidle: using governor menu
Nov 21 17:26:22 nefarious-laptop kernel: [    6.853484] TCP cubic registered
Nov 21 17:26:22 nefarious-laptop kernel: [    6.853587] NET: Registered protocol family 10
Nov 21 17:26:22 nefarious-laptop kernel: [    6.853945] lo: Disabled Privacy Extensions
Nov 21 17:26:22 nefarious-laptop kernel: [    6.854167] NET: Registered protocol family 17
Nov 21 17:26:22 nefarious-laptop kernel: [    6.854223] Bluetooth: L2CAP ver 2.11
Nov 21 17:26:22 nefarious-laptop kernel: [    6.854232] Bluetooth: L2CAP socket layer initialized
Nov 21 17:26:22 nefarious-laptop kernel: [    6.854241] Bluetooth: SCO (Voice Link) ver 0.6
Nov 21 17:26:22 nefarious-laptop kernel: [    6.854249] Bluetooth: SCO socket layer initialized
Nov 21 17:26:22 nefarious-laptop kernel: [    6.854389] Bluetooth: RFCOMM socket layer initialized
Nov 21 17:26:22 nefarious-laptop kernel: [    6.854416] Bluetooth: RFCOMM TTY layer initialized
Nov 21 17:26:22 nefarious-laptop kernel: [    6.854425] Bluetooth: RFCOMM ver 1.10
Nov 21 17:26:22 nefarious-laptop kernel: [    6.856574] IO APIC resources could be not be allocated.
Nov 21 17:26:22 nefarious-laptop kernel: [    6.863306] Using IPI No-Shortcut mode
Nov 21 17:26:22 nefarious-laptop kernel: [    6.863814] registered taskstats version 1
Nov 21 17:26:22 nefarious-laptop kernel: [    6.864209]   Magic number: 1:319:452
Nov 21 17:26:22 nefarious-laptop kernel: [    6.866150] rtc_cmos rtc_cmos: setting system clock to 2009-11-21 22:25:51 UTC (1258842351)
Nov 21 17:26:22 nefarious-laptop kernel: [    6.866192] BIOS EDD facility v0.16 2004-Jun-25, 0 devices found
Nov 21 17:26:22 nefarious-laptop kernel: [    6.866201] EDD information not available.
Nov 21 17:26:22 nefarious-laptop kernel: [    6.871299] Freeing unused kernel memory: 532k freed
Nov 21 17:26:22 nefarious-laptop kernel: [    6.893318] Write protecting the kernel text: 4128k
Nov 21 17:26:22 nefarious-laptop kernel: [    6.894657] Write protecting the kernel read-only data: 1532k
Nov 21 17:26:22 nefarious-laptop kernel: [    8.477589] Floppy drive(s): fd0 is 1.44M
Nov 21 17:26:22 nefarious-laptop kernel: [    8.503813] FDC 0 is a S82078B
Nov 21 17:26:22 nefarious-laptop kernel: [    8.837572] pcnet32.c:v1.35 21.Apr.2008 tsbogend@alpha.franken.de
Nov 21 17:26:22 nefarious-laptop kernel: [    8.837727] pcnet32 0000:00:03.0: PCI INT A -> Link[LNKC] -> GSI 11 (level, low) -> IRQ 11
Nov 21 17:26:22 nefarious-laptop kernel: [    8.837795] pcnet32: PCnet/FAST III 79C973 at 0xd020, 08:00:27:68:e3:e8 assigned IRQ 11.
Nov 21 17:26:22 nefarious-laptop kernel: [    8.837856] pcnet32: Found PHY 0022:561b at address 0.
Nov 21 17:26:22 nefarious-laptop kernel: [    8.871195] eth0: registered as PCnet/FAST III 79C973
Nov 21 17:26:22 nefarious-laptop kernel: [    8.871279] pcnet32: 1 cards_found.
Nov 21 17:26:22 nefarious-laptop kernel: [   16.764141] kjournald starting.  Commit interval 5 seconds
Nov 21 17:26:22 nefarious-laptop kernel: [   16.764189] EXT3-fs: mounted filesystem with ordered data mode.
Nov 21 17:26:22 nefarious-laptop kernel: [   28.997267] udev: starting version 141
Nov 21 17:26:22 nefarious-laptop kernel: [   31.808006] input: PC Speaker as /devices/platform/pcspkr/input/input4
Nov 21 17:26:22 nefarious-laptop kernel: [   31.833542] piix4_smbus 0000:00:07.0: SMBus base address uninitialized - upgrade BIOS or use force_addr=0xaddr
Nov 21 17:26:22 nefarious-laptop kernel: [   31.940701] synaptics was reset on resume, see synaptics_resume_reset if you have trouble on resume
Nov 21 17:26:22 nefarious-laptop kernel: [   31.941582] psmouse serio1: ID: 10 00 64<6>input: ImExPS/2 Generic Explorer Mouse as /devices/platform/i8042/serio1/input/input5
Nov 21 17:26:22 nefarious-laptop kernel: [   31.960615] parport_pc 00:05: reported by Plug and Play ACPI
Nov 21 17:26:22 nefarious-laptop kernel: [   32.094863] ppdev: user-space parallel port driver
Nov 21 17:26:22 nefarious-laptop kernel: [   32.392905] ACPI: PCI Interrupt Link [LNKA] enabled at IRQ 9
Nov 21 17:26:22 nefarious-laptop kernel: [   32.392919] PCI: setting IRQ 9 as level-triggered
Nov 21 17:26:22 nefarious-laptop kernel: [   32.392932] Intel ICH 0000:00:05.0: PCI INT A -> Link[LNKA] -> GSI 9 (level, low) -> IRQ 9
Nov 21 17:26:22 nefarious-laptop kernel: [   32.665938] Control name 'Sigmatel Surround Phase Inversion Playback Switch' truncated to 'Sigmatel Surround Phase Inversion Playback '
Nov 21 17:26:22 nefarious-laptop kernel: [   32.729909] intel8x0_measure_ac97_clock: measured 60706 usecs
Nov 21 17:26:22 nefarious-laptop kernel: [   32.729944] intel8x0: measured clock 174233 rejected
Nov 21 17:26:22 nefarious-laptop kernel: [   32.729968] intel8x0: clocking to 48000
Nov 21 17:26:22 nefarious-laptop kernel: [   33.134415] lp: driver loaded but no devices found
Nov 21 17:26:22 nefarious-laptop kernel: [   33.952814] EXT3 FS on sda5, internal journal
Nov 21 17:26:22 nefarious-laptop kernel: [   35.993716] type=1505 audit(1258842380.626:2): operation="profile_load" name="/sbin/dhclient-script" name2="default" pid=1752
Nov 21 17:26:22 nefarious-laptop kernel: [   35.994329] type=1505 audit(1258842380.626:3): operation="profile_load" name="/sbin/dhclient3" name2="default" pid=1752
Nov 21 17:26:22 nefarious-laptop kernel: [   35.994481] type=1505 audit(1258842380.626:4): operation="profile_load" name="/usr/lib/NetworkManager/nm-dhcp-client.action" name2="default" pid=1752
Nov 21 17:26:22 nefarious-laptop kernel: [   35.994625] type=1505 audit(1258842380.626:5): operation="profile_load" name="/usr/lib/connman/scripts/dhclient-script" name2="default" pid=1752
Nov 21 17:26:22 nefarious-laptop kernel: [   36.149352] type=1505 audit(1258842380.782:6): operation="profile_load" name="/usr/lib/cups/backend/cups-pdf" name2="default" pid=1757
Nov 21 17:26:22 nefarious-laptop kernel: [   36.149928] type=1505 audit(1258842380.782:7): operation="profile_load" name="/usr/sbin/cupsd" name2="default" pid=1757
Nov 21 17:26:22 nefarious-laptop kernel: [   36.199264] type=1505 audit(1258842380.830:8): operation="profile_load" name="/usr/sbin/tcpdump" name2="default" pid=1761
Nov 21 17:26:25 nefarious-laptop kernel: [   41.046298] Bluetooth: BNEP (Ethernet Emulation) ver 1.3
Nov 21 17:26:25 nefarious-laptop kernel: [   41.046310] Bluetooth: BNEP filters: protocol multicast
Nov 21 17:26:25 nefarious-laptop kernel: [   41.082279] Bridge firewalling registered
Nov 21 17:26:31 nefarious-laptop kernel: [   46.376095] eth0: link up, 100Mbps, full-duplex
Nov 21 22:26:42 nefarious-laptop kernel: [   56.665583] eth0: no IPv6 routers present
Nov 21 22:49:56 nefarious-laptop kernel: [ 1451.370303] atkbd.c: Spurious NAK on isa0060/serio0. Some program might be trying access hardware directly.
Nov 21 23:03:53 nefarious-laptop kernel: [ 2287.892201] type=1505 audit(1258862633.291:9): operation="profile_replace" name="/sbin/dhclient-script" name2="default" pid=15029
Nov 21 23:03:53 nefarious-laptop kernel: [ 2287.894901] type=1505 audit(1258862633.291:10): operation="profile_replace" name="/sbin/dhclient3" name2="default" pid=15029
Nov 21 23:03:53 nefarious-laptop kernel: [ 2287.895119] type=1505 audit(1258862633.291:11): operation="profile_replace" name="/usr/lib/NetworkManager/nm-dhcp-client.action" name2="default" pid=15029
Nov 21 23:03:53 nefarious-laptop kernel: [ 2287.895229] type=1505 audit(1258862633.291:12): operation="profile_replace" name="/usr/lib/connman/scripts/dhclient-script" name2="default" pid=15029
Nov 21 23:03:53 nefarious-laptop kernel: [ 2288.179385] type=1505 audit(1258862633.576:13): operation="profile_replace" name="/usr/lib/cups/backend/cups-pdf" name2="default" pid=15034
Nov 21 23:03:53 nefarious-laptop kernel: [ 2288.181650] type=1505 audit(1258862633.579:14): operation="profile_replace" name="/usr/sbin/cupsd" name2="default" pid=15034
Nov 21 23:03:53 nefarious-laptop kernel: [ 2288.271628] type=1505 audit(1258862633.668:15): operation="profile_replace" name="/usr/sbin/tcpdump" name2="default" pid=15039
Nov 21 23:03:55 nefarious-laptop kernel: [ 2290.598399] udev: starting version 141
Nov 21 23:05:17 nefarious-laptop kernel: [ 2371.878001] type=1505 audit(1258862717.276:16): operation="profile_replace" name="/sbin/dhclient-script" name2="default" pid=16190
Nov 21 23:05:17 nefarious-laptop kernel: [ 2371.878749] type=1505 audit(1258862717.276:17): operation="profile_replace" name="/sbin/dhclient3" name2="default" pid=16190
Nov 21 23:05:17 nefarious-laptop kernel: [ 2371.878872] type=1505 audit(1258862717.276:18): operation="profile_replace" name="/usr/lib/NetworkManager/nm-dhcp-client.action" name2="default" pid=16190
Nov 21 23:05:17 nefarious-laptop kernel: [ 2371.879062] type=1505 audit(1258862717.276:19): operation="profile_replace" name="/usr/lib/connman/scripts/dhclient-script" name2="default" pid=16190
Nov 21 23:05:17 nefarious-laptop kernel: [ 2372.048655] type=1505 audit(1258862717.447:20): operation="profile_replace" name="/usr/lib/cups/backend/cups-pdf" name2="default" pid=16195
Nov 21 23:05:17 nefarious-laptop kernel: [ 2372.049091] type=1505 audit(1258862717.447:21): operation="profile_replace" name="/usr/sbin/cupsd" name2="default" pid=16195
Nov 21 23:05:17 nefarious-laptop kernel: [ 2372.110995] type=1505 audit(1258862717.507:22): operation="profile_replace" name="/usr/sbin/tcpdump" name2="default" pid=16199
Nov 21 23:14:40 nefarious-laptop kernel: [ 2935.560902] atkbd.c: Spurious NAK on isa0060/serio0. Some program might be trying access hardware directly.
Nov 22 01:51:30 nefarious-laptop kernel: [12345.195912] atkbd.c: Spurious NAK on isa0060/serio0. Some program might be trying access hardware directly.
Nov 22 02:05:09 nefarious-laptop kernel: [13163.950257] mtrr: no MTRR for e0000000,c00000 found
Nov 21 22:30:47 nefarious-laptop kernel: Inspecting /boot/System.map-2.6.28-16-generic
Nov 21 22:30:48 nefarious-laptop kernel: Cannot find map file.
Nov 21 22:30:48 nefarious-laptop kernel: Loaded 50862 symbols from 37 modules.
Nov 21 22:30:48 nefarious-laptop kernel: [    0.000000] BIOS EBDA/lowmem at: 0009fc00/0009fc00
Nov 21 22:30:48 nefarious-laptop kernel: [    0.000000] Initializing cgroup subsys cpuset
Nov 21 22:30:48 nefarious-laptop kernel: [    0.000000] Initializing cgroup subsys cpu
Nov 21 22:30:48 nefarious-laptop kernel: [    0.000000] Linux version 2.6.28-16-generic (buildd@vernadsky) (gcc version 4.3.3 (Ubuntu 4.3.3-5ubuntu4) ) #55-Ubuntu SMP Tue Oct 20 19:48:24 UTC 2009 (Ubuntu 2.6.28-16.55-generic)
Nov 21 22:30:48 nefarious-laptop kernel: [    0.000000] KERNEL supported cpus:
Nov 21 22:30:48 nefarious-laptop kernel: [    0.000000]   Intel GenuineIntel
Nov 21 22:30:48 nefarious-laptop kernel: [    0.000000]   AMD AuthenticAMD
Nov 21 22:30:48 nefarious-laptop kernel: [    0.000000]   NSC Geode by NSC
Nov 21 22:30:48 nefarious-laptop kernel: [    0.000000]   Cyrix CyrixInstead
Nov 21 22:30:48 nefarious-laptop kernel: [    0.000000]   Centaur CentaurHauls
Nov 21 22:30:48 nefarious-laptop kernel: [    0.000000]   Transmeta GenuineTMx86
Nov 21 22:30:48 nefarious-laptop kernel: [    0.000000]   Transmeta TransmetaCPU
Nov 21 22:30:48 nefarious-laptop kernel: [    0.000000]   UMC UMC UMC UMC
Nov 21 22:30:48 nefarious-laptop kernel: [    0.000000] BIOS-provided physical RAM map:
Nov 21 22:30:48 nefarious-laptop kernel: [    0.000000]  BIOS-e820: 0000000000000000 - 000000000009fc00 (usable)
Nov 21 22:30:48 nefarious-laptop kernel: [    0.000000]  BIOS-e820: 000000000009fc00 - 00000000000a0000 (reserved)
Nov 21 22:30:48 nefarious-laptop kernel: [    0.000000]  BIOS-e820: 00000000000f0000 - 0000000000100000 (reserved)
Nov 21 22:30:48 nefarious-laptop kernel: [    0.000000]  BIOS-e820: 0000000000100000 - 000000001fff0000 (usable)
Nov 21 22:30:48 nefarious-laptop kernel: [    0.000000]  BIOS-e820: 000000001fff0000 - 0000000020000000 (ACPI data)
Nov 21 22:30:48 nefarious-laptop kernel: [    0.000000]  BIOS-e820: 00000000fffc0000 - 0000000100000000 (reserved)
Nov 21 22:30:48 nefarious-laptop kernel: [    0.000000] DMI 2.5 present.
Nov 21 22:30:48 nefarious-laptop kernel: [    0.000000] last_pfn = 0x1fff0 max_arch_pfn = 0x100000
Nov 21 22:30:48 nefarious-laptop kernel: [    0.000000] CPU MTRRs all blank - virtualized system.
Nov 21 22:30:48 nefarious-laptop kernel: [    0.000000] Scanning 2 areas for low memory corruption
Nov 21 22:30:48 nefarious-laptop kernel: [    0.000000] modified physical RAM map:
Nov 21 22:30:48 nefarious-laptop kernel: [    0.000000]  modified: 0000000000000000 - 0000000000002000 (usable)
Nov 21 22:30:48 nefarious-laptop kernel: [    0.000000]  modified: 0000000000002000 - 0000000000006000 (reserved)
Nov 21 22:30:48 nefarious-laptop kernel: [    0.000000]  modified: 0000000000006000 - 0000000000007000 (usable)
Nov 21 22:30:48 nefarious-laptop kernel: [    0.000000]  modified: 0000000000007000 - 0000000000010000 (reserved)
Nov 21 22:30:48 nefarious-laptop kernel: [    0.000000]  modified: 0000000000010000 - 0000000000092c00 (usable)
Nov 21 22:30:48 nefarious-laptop kernel: [    0.000000]  modified: 000000000009fc00 - 00000000000a0000 (reserved)
Nov 21 22:30:48 nefarious-laptop kernel: [    0.000000]  modified: 00000000000f0000 - 0000000000100000 (reserved)
Nov 21 22:30:48 nefarious-laptop kernel: [    0.000000]  modified: 0000000000100000 - 000000001fff0000 (usable)
Nov 21 22:30:48 nefarious-laptop kernel: [    0.000000]  modified: 000000001fff0000 - 0000000020000000 (ACPI data)
Nov 21 22:30:48 nefarious-laptop kernel: [    0.000000]  modified: 00000000fffc0000 - 0000000100000000 (reserved)
Nov 21 22:30:48 nefarious-laptop kernel: [    0.000000] kernel direct mapping tables up to 1fff0000 @ 10000-16000
Nov 21 22:30:48 nefarious-laptop kernel: [    0.000000] RAMDISK: 1f89e000 - 1ffdfbc7
Nov 21 22:30:48 nefarious-laptop kernel: [    0.000000] ACPI: RSDP 000E0000, 0024 (r2 VBOX  )
Nov 21 22:30:48 nefarious-laptop kernel: [    0.000000] ACPI: XSDT 1FFF0030, 002C (r1 VBOX   VBOXXSDT        1 ASL        61)
Nov 21 22:30:48 nefarious-laptop kernel: [    0.000000] ACPI: FACP 1FFF00E0, 00F4 (r4 VBOX   VBOXFACP        1 ASL        61)
Nov 21 22:30:48 nefarious-laptop kernel: [    0.000000] ACPI: DSDT 1FFF0220, 1A0C (r1 VBOX   VBOXBIOS        2 INTL 20090521)
Nov 21 22:30:48 nefarious-laptop kernel: [    0.000000] ACPI: FACS 1FFF01E0, 0040
Nov 21 22:30:48 nefarious-laptop kernel: [    0.000000] 0MB HIGHMEM available.
Nov 21 22:30:48 nefarious-laptop kernel: [    0.000000] 511MB LOWMEM available.
Nov 21 22:30:48 nefarious-laptop kernel: [    0.000000]   mapped low ram: 0 - 1fff0000
Nov 21 22:30:48 nefarious-laptop kernel: [    0.000000]   low ram: 00000000 - 1fff0000
Nov 21 22:30:48 nefarious-laptop kernel: [    0.000000]   bootmap 00012000 - 00016000
Nov 21 22:30:48 nefarious-laptop kernel: [    0.000000] (9 early reservations) ==> bootmem [0000000000 - 001fff0000]
Nov 21 22:30:48 nefarious-laptop kernel: [    0.000000]   #0 [0000000000 - 0000001000]   BIOS data page ==> [0000000000 - 0000001000]
Nov 21 22:30:48 nefarious-laptop kernel: [    0.000000]   #1 [0000001000 - 0000002000]    EX TRAMPOLINE ==> [0000001000 - 0000002000]
Nov 21 22:30:48 nefarious-laptop kernel: [    0.000000]   #2 [0000006000 - 0000007000]       TRAMPOLINE ==> [0000006000 - 0000007000]
Nov 21 22:30:48 nefarious-laptop kernel: [    0.000000]   #3 [0000100000 - 00008780ac]    TEXT DATA BSS ==> [0000100000 - 00008780ac]
Nov 21 22:30:48 nefarious-laptop kernel: [    0.000000]   #4 [001f89e000 - 001ffdfbc7]          RAMDISK ==> [001f89e000 - 001ffdfbc7]
Nov 21 22:30:48 nefarious-laptop kernel: [    0.000000]   #5 [0000879000 - 000087d000]    INIT_PG_TABLE ==> [0000879000 - 000087d000]
Nov 21 22:30:48 nefarious-laptop kernel: [    0.000000]   #6 [000009fc00 - 0000100000]    BIOS reserved ==> [000009fc00 - 0000100000]
Nov 21 22:30:48 nefarious-laptop kernel: [    0.000000]   #7 [0000010000 - 0000012000]          PGTABLE ==> [0000010000 - 0000012000]
Nov 21 22:30:48 nefarious-laptop kernel: [    0.000000]   #8 [0000012000 - 0000016000]          BOOTMAP ==> [0000012000 - 0000016000]
Nov 21 22:30:48 nefarious-laptop kernel: [    0.000000] Zone PFN ranges:
Nov 21 22:30:48 nefarious-laptop kernel: [    0.000000]   DMA      0x00000000 -> 0x00001000
Nov 21 22:30:48 nefarious-laptop kernel: [    0.000000]   Normal   0x00001000 -> 0x0001fff0
Nov 21 22:30:48 nefarious-laptop kernel: [    0.000000]   HighMem  0x0001fff0 -> 0x0001fff0
Nov 21 22:30:48 nefarious-laptop kernel: [    0.000000] Movable zone start PFN for each node
Nov 21 22:30:48 nefarious-laptop kernel: [    0.000000] early_node_map[4] active PFN ranges
Nov 21 22:30:48 nefarious-laptop kernel: [    0.000000]     0: 0x00000000 -> 0x00000002
Nov 21 22:30:48 nefarious-laptop kernel: [    0.000000]     0: 0x00000006 -> 0x00000007
Nov 21 22:30:48 nefarious-laptop kernel: [    0.000000]     0: 0x00000010 -> 0x00000092
Nov 21 22:30:48 nefarious-laptop kernel: [    0.000000]     0: 0x00000100 -> 0x0001fff0
Nov 21 22:30:48 nefarious-laptop kernel: [    0.000000] On node 0 totalpages: 130933
Nov 21 22:30:48 nefarious-laptop kernel: [    0.000000] free_area_init_node: node 0, pgdat c06cb780, node_mem_map c1000000
Nov 21 22:30:48 nefarious-laptop kernel: [    0.000000]   DMA zone: 32 pages used for memmap
Nov 21 22:30:48 nefarious-laptop kernel: [    0.000000]   DMA zone: 0 pages reserved
Nov 21 22:30:48 nefarious-laptop kernel: [    0.000000]   DMA zone: 3941 pages, LIFO batch:0
Nov 21 22:30:48 nefarious-laptop kernel: [    0.000000]   Normal zone: 992 pages used for memmap
Nov 21 22:30:48 nefarious-laptop kernel: [    0.000000]   Normal zone: 125968 pages, LIFO batch:31
Nov 21 22:30:48 nefarious-laptop kernel: [    0.000000]   HighMem zone: 0 pages used for memmap
Nov 21 22:30:48 nefarious-laptop kernel: [    0.000000]   Movable zone: 0 pages used for memmap
Nov 21 22:30:48 nefarious-laptop kernel: [    0.000000] ACPI: PM-Timer IO Port: 0x4008
Nov 21 22:30:48 nefarious-laptop kernel: [    0.000000] SMP: Allowing 1 CPUs, 0 hotplug CPUs
Nov 21 22:30:48 nefarious-laptop kernel: [    0.000000] Found and enabled local APIC!
Nov 21 22:30:48 nefarious-laptop kernel: [    0.000000] PM: Registered nosave memory: 0000000000002000 - 0000000000006000
Nov 21 22:30:48 nefarious-laptop kernel: [    0.000000] PM: Registered nosave memory: 0000000000007000 - 0000000000010000
Nov 21 22:30:48 nefarious-laptop kernel: [    0.000000] PM: Registered nosave memory: 0000000000092000 - 00000000000a0000
Nov 21 22:30:48 nefarious-laptop kernel: [    0.000000] PM: Registered nosave memory: 00000000000a0000 - 00000000000f0000
Nov 21 22:30:48 nefarious-laptop kernel: [    0.000000] PM: Registered nosave memory: 00000000000f0000 - 0000000000100000
Nov 21 22:30:48 nefarious-laptop kernel: [    0.000000] Allocating PCI resources starting at 30000000 (gap: 20000000:dffc0000)
Nov 21 22:30:48 nefarious-laptop kernel: [    0.000000] PERCPU: Allocating 45056 bytes of per cpu data
Nov 21 22:30:48 nefarious-laptop kernel: [    0.000000] NR_CPUS: 64, nr_cpu_ids: 1, nr_node_ids 1
Nov 21 22:30:48 nefarious-laptop kernel: [    0.000000] Built 1 zonelists in Zone order, mobility grouping on.  Total pages: 129909
Nov 21 22:30:48 nefarious-laptop kernel: [    0.000000] Kernel command line: root=UUID=5682e4e0-1bb4-4186-af8b-8dafe126877d ro quiet splash 
Nov 21 22:30:48 nefarious-laptop kernel: [    0.000000] Enabling fast FPU save and restore... done.
Nov 21 22:30:48 nefarious-laptop kernel: [    0.000000] Enabling unmasked SIMD FPU exception support... done.
Nov 21 22:30:48 nefarious-laptop kernel: [    0.000000] Initializing CPU#0
Nov 21 22:30:48 nefarious-laptop kernel: [    0.000000] PID hash table entries: 2048 (order: 11, 8192 bytes)
Nov 21 22:30:48 nefarious-laptop kernel: [    0.000000] Fast TSC calibration using PIT
Nov 21 22:30:48 nefarious-laptop kernel: [    0.000000] Detected 2396.293 MHz processor.
Nov 21 22:30:48 nefarious-laptop kernel: [    0.004000] Console: colour VGA+ 80x25
Nov 21 22:30:48 nefarious-laptop kernel: [    0.004000] console [tty0] enabled
Nov 21 22:30:48 nefarious-laptop kernel: [    0.004000] Dentry cache hash table entries: 65536 (order: 6, 262144 bytes)
Nov 21 22:30:48 nefarious-laptop kernel: [    0.004000] Inode-cache hash table entries: 32768 (order: 5, 131072 bytes)
Nov 21 22:30:48 nefarious-laptop kernel: [    0.004000] allocated 2621120 bytes of page_cgroup
Nov 21 22:30:48 nefarious-laptop kernel: [    0.004000] please try cgroup_disable=memory option if you don't want
Nov 21 22:30:48 nefarious-laptop kernel: [    0.004000] Scanning for low memory corruption every 60 seconds
Nov 21 22:30:48 nefarious-laptop kernel: [    0.004000] Memory: 501240k/524224k available (4116k kernel code, 22248k reserved, 2199k data, 532k init, 0k highmem)
Nov 21 22:30:48 nefarious-laptop kernel: [    0.004000] virtual kernel memory layout:
Nov 21 22:30:48 nefarious-laptop kernel: [    0.004000]     fixmap  : 0xffc77000 - 0xfffff000   (3616 kB)
Nov 21 22:30:48 nefarious-laptop kernel: [    0.004000]     pkmap   : 0xff400000 - 0xff800000   (4096 kB)
Nov 21 22:30:48 nefarious-laptop kernel: [    0.004000]     vmalloc : 0xe07f0000 - 0xff3fe000   ( 492 MB)
Nov 21 22:30:48 nefarious-laptop kernel: [    0.004000]     lowmem  : 0xc0000000 - 0xdfff0000   ( 511 MB)
Nov 21 22:30:48 nefarious-laptop kernel: [    0.004000]       .init : 0xc0733000 - 0xc07b8000   ( 532 kB)
Nov 21 22:30:48 nefarious-laptop kernel: [    0.004000]       .data : 0xc050520d - 0xc072ae60   (2199 kB)
Nov 21 22:30:48 nefarious-laptop kernel: [    0.004000]       .text : 0xc0100000 - 0xc050520d   (4116 kB)
Nov 21 22:30:48 nefarious-laptop kernel: [    0.004000] Checking if this processor honours the WP bit even in supervisor mode...Ok.
Nov 21 22:30:48 nefarious-laptop kernel: [    0.004000] SLUB: Genslabs=12, HWalign=64, Order=0-3, MinObjects=0, CPUs=1, Nodes=1
Nov 21 22:30:48 nefarious-laptop kernel: [    0.005351] Calibrating delay loop (skipped), value calculated using timer frequency.. 4792.58 BogoMIPS (lpj=9585172)
Nov 21 22:30:48 nefarious-laptop kernel: [    0.005883] Security Framework initialized
Nov 21 22:30:48 nefarious-laptop kernel: [    0.005954] SELinux:  Disabled at boot.
Nov 21 22:30:48 nefarious-laptop kernel: [    0.016255] AppArmor: AppArmor initialized
Nov 21 22:30:48 nefarious-laptop kernel: [    0.016484] Mount-cache hash table entries: 512
Nov 21 22:30:48 nefarious-laptop kernel: [    0.026539] Initializing cgroup subsys ns
Nov 21 22:30:48 nefarious-laptop kernel: [    0.026648] Initializing cgroup subsys cpuacct
Nov 21 22:30:48 nefarious-laptop kernel: [    0.026743] Initializing cgroup subsys memory
Nov 21 22:30:48 nefarious-laptop kernel: [    0.026861] Initializing cgroup subsys freezer
Nov 21 22:30:48 nefarious-laptop kernel: [    0.027052] 
Nov 21 22:30:48 nefarious-laptop kernel: [    0.027104] using mwait in idle threads.
Nov 21 22:30:48 nefarious-laptop kernel: [    0.027503] Checking 'hlt' instruction... OK.
Nov 21 22:30:48 nefarious-laptop kernel: [    0.050002] SMP alternatives: switching to UP code
Nov 21 22:30:48 nefarious-laptop kernel: [    0.548002] Freeing SMP alternatives: 18k freed
Nov 21 22:30:48 nefarious-laptop kernel: [    0.553035] ACPI: Core revision 20080926
Nov 21 22:30:48 nefarious-laptop kernel: [    0.557141] ACPI: Checking initramfs for custom DSDT
Nov 21 22:30:48 nefarious-laptop kernel: [    0.826447] ACPI: setting ELCR to 0200 (from 0e20)
Nov 21 22:30:48 nefarious-laptop kernel: [    0.857254] weird, boot CPU (#0) not listedby the BIOS.
Nov 21 22:30:48 nefarious-laptop kernel: [    0.857482] SMP motherboard not detected.
Nov 21 22:30:48 nefarious-laptop kernel: [    0.860002] SMP disabled
Nov 21 22:30:48 nefarious-laptop kernel: [    0.873464] Brought up 1 CPUs
Nov 21 22:30:48 nefarious-laptop kernel: [    0.873482] Total of 1 processors activated (4792.58 BogoMIPS).
Nov 21 22:30:48 nefarious-laptop kernel: [    0.873512] CPU0 attaching NULL sched-domain.
Nov 21 22:30:48 nefarious-laptop kernel: [    0.879232] net_namespace: 776 bytes
Nov 21 22:30:48 nefarious-laptop kernel: [    0.880661] Booting paravirtualized kernel on bare hardware
Nov 21 22:30:48 nefarious-laptop kernel: [    0.885866] Time:  3:30:18  Date: 11/22/09
Nov 21 22:30:48 nefarious-laptop kernel: [    0.886241] regulator: core version 0.5
Nov 21 22:30:48 nefarious-laptop kernel: [    0.886640] NET: Registered protocol family 16
Nov 21 22:30:48 nefarious-laptop kernel: [    0.890347] EISA bus registered
Nov 21 22:30:48 nefarious-laptop kernel: [    0.892373] ACPI: bus type pci registered
Nov 21 22:30:48 nefarious-laptop kernel: [    0.898690] PCI: PCI BIOS revision 2.10 entry at 0xfc080, last bus=0
Nov 21 22:30:48 nefarious-laptop kernel: [    0.898710] PCI: Using configuration type 1 for base access
Nov 21 22:30:48 nefarious-laptop kernel: [    0.904498] ACPI: EC: Look up EC in DSDT
Nov 21 22:30:48 nefarious-laptop kernel: [    0.956281] ACPI: Interpreter enabled
Nov 21 22:30:48 nefarious-laptop kernel: [    0.956300] ACPI: (supports S0 S5)
Nov 21 22:30:48 nefarious-laptop kernel: [    0.956334] ACPI: Using PIC for interrupt routing
Nov 21 22:30:48 nefarious-laptop kernel: [    1.049956] ACPI: No dock devices found.
Nov 21 22:30:48 nefarious-laptop kernel: [    1.052500] ACPI: PCI Root Bridge [PCI0] (0000:00)
Nov 21 22:30:48 nefarious-laptop kernel: [    1.058041] pci 0000:00:01.1: reg 20 io port: [0xd000-0xd00f]
Nov 21 22:30:48 nefarious-laptop kernel: [    1.058998] pci 0000:00:02.0: reg 10 32bit mmio: [0xe0000000-0xe0ffffff]
Nov 21 22:30:48 nefarious-laptop kernel: [    1.059543] pci 0000:00:03.0: reg 10 io port: [0xd020-0xd03f]
Nov 21 22:30:48 nefarious-laptop kernel: [    1.060240] pci 0000:00:03.0: reg 14 32bit mmio: [0xf0000000-0xf0000fff]
Nov 21 22:30:48 nefarious-laptop kernel: [    1.060356] pci 0000:00:03.0: reg 18 32bit mmio: [0xf0080000-0xf00fffff]
Nov 21 22:30:48 nefarious-laptop kernel: [    1.060739] pci 0000:00:04.0: reg 10 io port: [0xd040-0xd05f]
Nov 21 22:30:48 nefarious-laptop kernel: [    1.060856] pci 0000:00:04.0: reg 14 32bit mmio: [0xf0400000-0xf07fffff]
Nov 21 22:30:48 nefarious-laptop kernel: [    1.060959] pci 0000:00:04.0: reg 18 32bit mmio: [0xf0800000-0xf0803fff]
Nov 21 22:30:48 nefarious-laptop kernel: [    1.061499] pci 0000:00:05.0: reg 10 io port: [0xd100-0xd1ff]
Nov 21 22:30:48 nefarious-laptop kernel: [    1.061606] pci 0000:00:05.0: reg 14 io port: [0xd200-0xd23f]
Nov 21 22:30:48 nefarious-laptop kernel: [    1.062266] pci 0000:00:06.0: reg 10 32bit mmio: [0xf0804000-0xf0804fff]
Nov 21 22:30:48 nefarious-laptop kernel: [    1.063374] pci 0000:00:0b.0: reg 10 32bit mmio: [0xf0805000-0xf0805fff]
Nov 21 22:30:48 nefarious-laptop kernel: [    1.063699] bus 00 -> node 0
Nov 21 22:30:48 nefarious-laptop kernel: [    1.063753] ACPI: PCI Interrupt Routing Table [\_SB_.PCI0._PRT]
Nov 21 22:30:48 nefarious-laptop kernel: [    1.557876] ACPI: PCI Interrupt Link [LNKA] (IRQs 5 *9 10 11)
Nov 21 22:30:48 nefarious-laptop kernel: [    1.558909] ACPI: PCI Interrupt Link [LNKB] (IRQs *5 9 10 11)
Nov 21 22:30:48 nefarious-laptop kernel: [    1.559331] ACPI: PCI Interrupt Link [LNKC] (IRQs 5 9 10 *11)
Nov 21 22:30:48 nefarious-laptop kernel: [    1.559740] ACPI: PCI Interrupt Link [LNKD] (IRQs 5 9 *10 11)
Nov 21 22:30:48 nefarious-laptop kernel: [    1.560825] ACPI: WMI: Mapper loaded
Nov 21 22:30:48 nefarious-laptop kernel: [    1.564962] SCSI subsystem initialized
Nov 21 22:30:48 nefarious-laptop kernel: [    1.565434] libata version 3.00 loaded.
Nov 21 22:30:48 nefarious-laptop kernel: [    1.566065] usbcore: registered new interface driver usbfs
Nov 21 22:30:48 nefarious-laptop kernel: [    1.566350] usbcore: registered new interface driver hub
Nov 21 22:30:48 nefarious-laptop kernel: [    1.566490] usbcore: registered new device driver usb
Nov 21 22:30:48 nefarious-laptop kernel: [    1.577278] PCI: Using ACPI for IRQ routing
Nov 21 22:30:48 nefarious-laptop kernel: [    1.581092] Bluetooth: Core ver 2.13
Nov 21 22:30:48 nefarious-laptop kernel: [    1.581510] NET: Registered protocol family 31
Nov 21 22:30:48 nefarious-laptop kernel: [    1.581521] Bluetooth: HCI device and connection manager initialized
Nov 21 22:30:48 nefarious-laptop kernel: [    1.581537] Bluetooth: HCI socket layer initialized
Nov 21 22:30:48 nefarious-laptop kernel: [    1.581548] NET: Registered protocol family 8
Nov 21 22:30:48 nefarious-laptop kernel: [    1.581556] NET: Registered protocol family 20
Nov 21 22:30:48 nefarious-laptop kernel: [    1.581593] NetLabel: Initializing
Nov 21 22:30:48 nefarious-laptop kernel: [    1.581602] NetLabel:  domain hash size = 128
Nov 21 22:30:48 nefarious-laptop kernel: [    1.581610] NetLabel:  protocols = UNLABELED CIPSOv4
Nov 21 22:30:48 nefarious-laptop kernel: [    1.582284] NetLabel:  unlabeled traffic allowed by default
Nov 21 22:30:48 nefarious-laptop kernel: [    1.588334] AppArmor: AppArmor Filesystem Enabled
Nov 21 22:30:48 nefarious-laptop kernel: [    1.588556] pnp: PnP ACPI init
Nov 21 22:30:48 nefarious-laptop kernel: [    1.588556] ACPI: bus type pnp registered
Nov 21 22:30:48 nefarious-laptop kernel: [    1.709876] pnp: PnP ACPI: found 6 devices
Nov 21 22:30:48 nefarious-laptop kernel: [    1.709893] ACPI: ACPI bus type pnp unregistered
Nov 21 22:30:48 nefarious-laptop kernel: [    1.709918] PnPBIOS: Disabled by ACPI PNP
Nov 21 22:30:48 nefarious-laptop kernel: [    1.745783] bus: 00 index 0 io port: [0x00-0xffff]
Nov 21 22:30:48 nefarious-laptop kernel: [    1.745794] bus: 00 index 1 mmio: [0x000000-0xffffffff]
Nov 21 22:30:48 nefarious-laptop kernel: [    1.745819] NET: Registered protocol family 2
Nov 21 22:30:48 nefarious-laptop kernel: [    1.748143] IP route cache hash table entries: 4096 (order: 2, 16384 bytes)
Nov 21 22:30:48 nefarious-laptop kernel: [    1.748413] TCP established hash table entries: 16384 (order: 5, 131072 bytes)
Nov 21 22:30:48 nefarious-laptop kernel: [    1.748523] TCP bind hash table entries: 16384 (order: 5, 131072 bytes)
Nov 21 22:30:48 nefarious-laptop kernel: [    1.748621] TCP: Hash tables configured (established 16384 bind 16384)
Nov 21 22:30:48 nefarious-laptop kernel: [    1.748632] TCP reno registered
Nov 21 22:30:48 nefarious-laptop kernel: [    1.748964] NET: Registered protocol family 1
Nov 21 22:30:48 nefarious-laptop kernel: [    1.749243] checking if image is initramfs... it is
Nov 21 22:30:48 nefarious-laptop kernel: [    2.249138] Switched to high resolution mode on CPU 0
Nov 21 22:30:48 nefarious-laptop kernel: [    2.353150] Freeing initrd memory: 7430k freed
Nov 21 22:30:48 nefarious-laptop kernel: [    2.353467] platform rtc_cmos: registered platform RTC device (no PNP device found)
Nov 21 22:30:48 nefarious-laptop kernel: [    2.353657] cpufreq: No nForce2 chipset.
Nov 21 22:30:48 nefarious-laptop kernel: [    2.356586] audit: initializing netlink socket (disabled)
Nov 21 22:30:48 nefarious-laptop kernel: [    2.356930] type=2000 audit(1258860619.356:1): initialized
Nov 21 22:30:48 nefarious-laptop kernel: [    2.365791] HugeTLB registered 4 MB page size, pre-allocated 0 pages
Nov 21 22:30:48 nefarious-laptop kernel: [    2.367045] VFS: Disk quotas dquot_6.5.1
Nov 21 22:30:48 nefarious-laptop kernel: [    2.367121] Dquot-cache hash table entries: 1024 (order 0, 4096 bytes)
Nov 21 22:30:48 nefarious-laptop kernel: [    2.368160] fuse init (API version 7.10)
Nov 21 22:30:48 nefarious-laptop kernel: [    2.368234] msgmni has been set to 994
Nov 21 22:30:48 nefarious-laptop kernel: [    2.386290] alg: No test for stdrng (krng)
Nov 21 22:30:48 nefarious-laptop kernel: [    2.389258] io scheduler noop registered
Nov 21 22:30:48 nefarious-laptop kernel: [    2.389289] io scheduler anticipatory registered
Nov 21 22:30:48 nefarious-laptop kernel: [    2.389312] io scheduler deadline registered
Nov 21 22:30:48 nefarious-laptop kernel: [    2.389441] io scheduler cfq registered (default)
Nov 21 22:30:48 nefarious-laptop kernel: [    2.389532] pci 0000:00:00.0: Limiting direct PCI/PCI transfers
Nov 21 22:30:48 nefarious-laptop kernel: [    2.389939] pci 0000:00:01.0: Activating ISA DMA hang workarounds
Nov 21 22:30:48 nefarious-laptop kernel: [    2.389982] pci 0000:00:02.0: Boot video device
Nov 21 22:30:48 nefarious-laptop kernel: [    2.506889] pci_hotplug: PCI Hot Plug PCI Core version: 0.5
Nov 21 22:30:48 nefarious-laptop kernel: [    2.506951] pciehp: PCI Express Hot Plug Controller Driver version: 0.4
Nov 21 22:30:48 nefarious-laptop kernel: [    2.517079] ACPI: AC Adapter [AC] (on-line)
Nov 21 22:30:48 nefarious-laptop kernel: [    2.706907] ACPI: Battery Slot [BAT0] (battery present)
Nov 21 22:30:48 nefarious-laptop kernel: [    2.708006] input: Power Button (FF) as /devices/LNXSYSTM:00/LNXPWRBN:00/input/input0
Nov 21 22:30:48 nefarious-laptop kernel: [    2.708249] ACPI: Power Button (FF) [PWRF]
Nov 21 22:30:48 nefarious-laptop kernel: [    2.708584] input: Sleep Button (FF) as /devices/LNXSYSTM:00/LNXSLPBN:00/input/input1
Nov 21 22:30:48 nefarious-laptop kernel: [    2.708620] ACPI: Sleep Button (FF) [SLPF]
Nov 21 22:30:48 nefarious-laptop kernel: [    2.781269] isapnp: Scanning for PnP cards...
Nov 21 22:30:48 nefarious-laptop kernel: [    3.147003] isapnp: No Plug & Play device found
Nov 21 22:30:48 nefarious-laptop kernel: [    3.162017] Serial: 8250/16550 driver4 ports, IRQ sharing enabled
Nov 21 22:30:48 nefarious-laptop kernel: [    3.169084] brd: module loaded
Nov 21 22:30:48 nefarious-laptop kernel: [    3.169659] loop: module loaded
Nov 21 22:30:48 nefarious-laptop kernel: [    3.169842] Fixed MDIO Bus: probed
Nov 21 22:30:48 nefarious-laptop kernel: [    3.169890] PPP generic driver version 2.4.2
Nov 21 22:30:48 nefarious-laptop kernel: [    3.170002] input: Macintosh mouse button emulation as /devices/virtual/input/input2
Nov 21 22:30:48 nefarious-laptop kernel: [    3.170106] Driver 'sd' needs updating - please use bus_type methods
Nov 21 22:30:48 nefarious-laptop kernel: [    3.170147] Driver 'sr' needs updating - please use bus_type methods
Nov 21 22:30:48 nefarious-laptop kernel: [    3.186763] ata_piix 0000:00:01.1: version 2.12
Nov 21 22:30:48 nefarious-laptop kernel: [    3.192191] scsi0 : ata_piix
Nov 21 22:30:48 nefarious-laptop kernel: [    3.192714] scsi1 : ata_piix
Nov 21 22:30:48 nefarious-laptop kernel: [    3.193253] ata1: PATA max UDMA/33 cmd 0x1f0 ctl 0x3f6 bmdma 0xd000 irq 14
Nov 21 22:30:48 nefarious-laptop kernel: [    3.193268] ata2: PATA max UDMA/33 cmd 0x170 ctl 0x376 bmdma 0xd008 irq 15
Nov 21 22:30:48 nefarious-laptop kernel: [    3.408726] ata1.00: ATA-6: VBOX HARDDISK, 1.0, max UDMA/133
Nov 21 22:30:48 nefarious-laptop kernel: [    3.408741] ata1.00: 8388608 sectors, multi 128: LBA 
Nov 21 22:30:48 nefarious-laptop kernel: [    3.409484] ata1.00: configured for UDMA/33
Nov 21 22:30:48 nefarious-laptop kernel: [    3.587244] ata2.00: ATAPI: VBOX CD-ROM, 1.0, max UDMA/133
Nov 21 22:30:48 nefarious-laptop kernel: [    3.592885] ata2.00: configured for UDMA/33
Nov 21 22:30:48 nefarious-laptop kernel: [    3.640440] scsi 0:0:0:0: Direct-Access     ATA      VBOX HARDDISK    1.0  PQ: 0 ANSI: 5
Nov 21 22:30:48 nefarious-laptop kernel: [    3.644591] sd 0:0:0:0: [sda] 8388608 512-byte hardware sectors: (4.29 GB/4.00 GiB)
Nov 21 22:30:48 nefarious-laptop kernel: [    3.645302] sd 0:0:0:0: [sda] Write Protect is off
Nov 21 22:30:48 nefarious-laptop kernel: [    3.645313] sd 0:0:0:0: [sda] Mode Sense: 00 3a 00 00
Nov 21 22:30:48 nefarious-laptop kernel: [    3.645480] sd 0:0:0:0: [sda] Write cache: enabled, read cache: enabled, doesn't support DPO or FUA
Nov 21 22:30:48 nefarious-laptop kernel: [    3.648476] sd 0:0:0:0: [sda] 8388608 512-byte hardware sectors: (4.29 GB/4.00 GiB)
Nov 21 22:30:48 nefarious-laptop kernel: [    3.648574] sd 0:0:0:0: [sda] Write Protect is off
Nov 21 22:30:48 nefarious-laptop kernel: [    3.648584] sd 0:0:0:0: [sda] Mode Sense: 00 3a 00 00
Nov 21 22:30:48 nefarious-laptop kernel: [    3.648751] sd 0:0:0:0: [sda] Write cache: enabled, read cache: enabled, doesn't support DPO or FUA
Nov 21 22:30:48 nefarious-laptop kernel: [    3.648777]  sda: sda1 sda2 sda3 < sda5 >
Nov 21 22:30:48 nefarious-laptop kernel: [    3.667192] sd 0:0:0:0: [sda] Attached SCSI disk
Nov 21 22:30:48 nefarious-laptop kernel: [    3.668401] sd 0:0:0:0: Attached scsi generic sg0 type 0
Nov 21 22:30:48 nefarious-laptop kernel: [    3.687320] scsi 1:0:0:0: CD-ROM            VBOX     CD-ROM           1.0  PQ: 0 ANSI: 5
Nov 21 22:30:48 nefarious-laptop kernel: [    3.771596] sr0: scsi3-mmc drive: 32x/32x xa/form2 tray
Nov 21 22:30:48 nefarious-laptop kernel: [    3.771626] Uniform CD-ROM driver Revision: 3.20
Nov 21 22:30:48 nefarious-laptop kernel: [    3.771807] sr 1:0:0:0: Attached scsi CD-ROM sr0
Nov 21 22:30:48 nefarious-laptop kernel: [    3.771888] sr 1:0:0:0: Attached scsi generic sg1 type 5
Nov 21 22:30:48 nefarious-laptop kernel: [    3.772513] ehci_hcd: USB 2.0 'Enhanced' Host Controller (EHCI) Driver
Nov 21 22:30:48 nefarious-laptop kernel: [    3.772994] ACPI: PCI Interrupt Link [LNKC] enabled at IRQ 11
Nov 21 22:30:48 nefarious-laptop kernel: [    3.773010] PCI: setting IRQ 11 as level-triggered
Nov 21 22:30:48 nefarious-laptop kernel: [    3.773025] ehci_hcd 0000:00:0b.0: PCI INT A -> Link[LNKC] -> GSI 11 (level, low) -> IRQ 11
Nov 21 22:30:48 nefarious-laptop kernel: [    3.773164] ehci_hcd 0000:00:0b.0: EHCI Host Controller
Nov 21 22:30:48 nefarious-laptop kernel: [    3.773279] ehci_hcd 0000:00:0b.0: new USB bus registered, assigned bus number 1
Nov 21 22:30:48 nefarious-laptop kernel: [    3.777545] ehci_hcd 0000:00:0b.0: irq 11, io mem 0xf0805000
Nov 21 22:30:48 nefarious-laptop kernel: [    3.831956] ehci_hcd 0000:00:0b.0: USB 2.0 started, EHCI 1.00
Nov 21 22:30:48 nefarious-laptop kernel: [    3.838232] usb usb1: configuration #1 chosen from 1 choice
Nov 21 22:30:48 nefarious-laptop kernel: [    3.838278] hub 1-0:1.0: USB hub found
Nov 21 22:30:48 nefarious-laptop kernel: [    3.842140] hub 1-0:1.0: 8 ports detected
Nov 21 22:30:48 nefarious-laptop kernel: [    3.842900] ohci_hcd: USB 1.1 'Open' Host Controller (OHCI) Driver
Nov 21 22:30:48 nefarious-laptop kernel: [    3.843471] ACPI: PCI Interrupt Link [LNKB] enabled at IRQ 5
Nov 21 22:30:48 nefarious-laptop kernel: [    3.843498] PCI: setting IRQ 5 as level-triggered
Nov 21 22:30:48 nefarious-laptop kernel: [    3.843524] ohci_hcd 0000:00:06.0: PCI INT A -> Link[LNKB] -> GSI 5 (level, low) -> IRQ 5
Nov 21 22:30:48 nefarious-laptop kernel: [    3.843622] ohci_hcd 0000:00:06.0: OHCI Host Controller
Nov 21 22:30:48 nefarious-laptop kernel: [    3.843709] ohci_hcd 0000:00:06.0: new USB bus registered, assigned bus number 2
Nov 21 22:30:48 nefarious-laptop kernel: [    3.844157] ohci_hcd 0000:00:06.0: irq 5, io mem 0xf0804000
Nov 21 22:30:48 nefarious-laptop kernel: [    3.913418] usb usb2: configuration #1 chosen from 1 choice
Nov 21 22:30:48 nefarious-laptop kernel: [    3.913429] hub 2-0:1.0: USB hub found
Nov 21 22:30:48 nefarious-laptop kernel: [    3.915104] hub 2-0:1.0: 8 ports detected
Nov 21 22:30:48 nefarious-laptop kernel: [    3.918639] uhci_hcd: USB Universal Host Controller Interface driver
Nov 21 22:30:48 nefarious-laptop kernel: [    3.919342] PNP: PS/2 Controller [PNP0303:PS2K,PNP0f03:PS2M] at 0x60,0x64 irq 1,12
Nov 21 22:30:48 nefarious-laptop kernel: [    3.924219] serio: i8042 KBD port at 0x60,0x64 irq 1
Nov 21 22:30:48 nefarious-laptop kernel: [    3.924413] serio: i8042 AUX port at 0x60,0x64 irq 12
Nov 21 22:30:48 nefarious-laptop kernel: [    3.925647] mice: PS/2 mouse device common for all mice
Nov 21 22:30:48 nefarious-laptop kernel: [    3.928464] rtc_cmos rtc_cmos: rtc core: registered rtc_cmos as rtc0
Nov 21 22:30:48 nefarious-laptop kernel: [    3.930127] rtc0: alarms up to one day, 114 bytes nvram
Nov 21 22:30:48 nefarious-laptop kernel: [    3.930424] device-mapper: uevent: version 1.0.3
Nov 21 22:30:48 nefarious-laptop kernel: [    3.935210] input: AT Translated Set 2 keyboard as /devices/platform/i8042/serio0/input/input3
Nov 21 22:30:48 nefarious-laptop kernel: [    3.935694] device-mapper: ioctl: 4.14.0-ioctl (2008-04-23) initialised: dm-devel@redhat.com
Nov 21 22:30:48 nefarious-laptop kernel: [    3.936311] device-mapper: multipath: version 1.0.5 loaded
Nov 21 22:30:48 nefarious-laptop kernel: [    3.936324] device-mapper: multipath round-robin: version 1.0.0 loaded
Nov 21 22:30:48 nefarious-laptop kernel: [    3.936613] EISA: Probing bus 0 at eisa.0
Nov 21 22:30:48 nefarious-laptop kernel: [    3.936637] Cannot allocate resource for EISA slot 4
Nov 21 22:30:48 nefarious-laptop kernel: [    3.936657] EISA: Detected 0 cards.
Nov 21 22:30:48 nefarious-laptop kernel: [    3.938012] cpuidle: using governor ladder
Nov 21 22:30:48 nefarious-laptop kernel: [    3.938025] cpuidle: using governor menu
Nov 21 22:30:48 nefarious-laptop kernel: [    3.938831] TCP cubic registered
Nov 21 22:30:48 nefarious-laptop kernel: [    3.938950] NET: Registered protocol family 10
Nov 21 22:30:48 nefarious-laptop kernel: [    3.939324] lo: Disabled Privacy Extensions
Nov 21 22:30:48 nefarious-laptop kernel: [    3.939552] NET: Registered protocol family 17
Nov 21 22:30:48 nefarious-laptop kernel: [    3.939607] Bluetooth: L2CAP ver 2.11
Nov 21 22:30:48 nefarious-laptop kernel: [    3.939617] Bluetooth: L2CAP socket layer initialized
Nov 21 22:30:48 nefarious-laptop kernel: [    3.939626] Bluetooth: SCO (Voice Link) ver 0.6
Nov 21 22:30:48 nefarious-laptop kernel: [    3.939634] Bluetooth: SCO socket layer initialized
Nov 21 22:30:48 nefarious-laptop kernel: [    3.939816] Bluetooth: RFCOMM socket layer initialized
Nov 21 22:30:48 nefarious-laptop kernel: [    3.939838] Bluetooth: RFCOMM TTY layer initialized
Nov 21 22:30:48 nefarious-laptop kernel: [    3.939846] Bluetooth: RFCOMM ver 1.10
Nov 21 22:30:48 nefarious-laptop kernel: [    3.944011] IO APIC resources could be not be allocated.
Nov 21 22:30:48 nefarious-laptop kernel: [    3.950053] Using IPI No-Shortcut mode
Nov 21 22:30:48 nefarious-laptop kernel: [    3.950472] registered taskstats version 1
Nov 21 22:30:48 nefarious-laptop kernel: [    3.950628]   Magic number: 1:477:513
Nov 21 22:30:48 nefarious-laptop kernel: [    3.952351] rtc_cmos rtc_cmos: setting system clock to 2009-11-22 03:30:21 UTC (1258860621)
Nov 21 22:30:48 nefarious-laptop kernel: [    3.952383] BIOS EDD facility v0.16 2004-Jun-25, 0 devices found
Nov 21 22:30:48 nefarious-laptop kernel: [    3.952392] EDD information not available.
Nov 21 22:30:48 nefarious-laptop kernel: [    3.962443] Freeing unused kernel memory: 532k freed
Nov 21 22:30:48 nefarious-laptop kernel: [    3.966288] Write protecting the kernel text: 4120k
Nov 21 22:30:48 nefarious-laptop kernel: [    3.967514] Write protecting the kernel read-only data: 1524k
Nov 21 22:30:48 nefarious-laptop kernel: [    5.289175] Floppy drive(s): fd0 is 1.44M
Nov 21 22:30:48 nefarious-laptop kernel: [    5.308859] FDC 0 is a S82078B
Nov 21 22:30:48 nefarious-laptop kernel: [    5.583461] pcnet32.c:v1.35 21.Apr.2008 tsbogend@alpha.franken.de
Nov 21 22:30:48 nefarious-laptop kernel: [    5.583645] pcnet32 0000:00:03.0: PCI INT A -> Link[LNKC] -> GSI 11 (level, low) -> IRQ 11
Nov 21 22:30:48 nefarious-laptop kernel: [    5.583703] pcnet32: PCnet/FAST III 79C973 at 0xd020, 08:00:27:68:e3:e8 assigned IRQ 11.
Nov 21 22:30:48 nefarious-laptop kernel: [    5.583762] pcnet32: Found PHY 0022:561b at address 0.
Nov 21 22:30:48 nefarious-laptop kernel: [    5.605669] eth0: registered as PCnet/FAST III 79C973
Nov 21 22:30:48 nefarious-laptop kernel: [    5.605891] pcnet32: 1 cards_found.
Nov 21 22:30:48 nefarious-laptop kernel: [   12.534405] kjournald starting.  Commit interval 5 seconds
Nov 21 22:30:48 nefarious-laptop kernel: [   12.534452] EXT3-fs: mounted filesystem with ordered data mode.
Nov 21 22:30:48 nefarious-laptop kernel: [   21.189965] udev: starting version 141
Nov 21 22:30:48 nefarious-laptop kernel: [   22.311338] parport_pc 00:05: reported by Plug and Play ACPI
Nov 21 22:30:48 nefarious-laptop kernel: [   22.322458] piix4_smbus 0000:00:07.0: SMBus base address uninitialized - upgrade BIOS or use force_addr=0xaddr
Nov 21 22:30:48 nefarious-laptop kernel: [   22.474163] input: PC Speaker as /devices/platform/pcspkr/input/input4
Nov 21 22:30:48 nefarious-laptop kernel: [   22.574132] synaptics was reset on resume, see synaptics_resume_reset if you have trouble on resume
Nov 21 22:30:48 nefarious-laptop kernel: [   22.575120] psmouse serio1: ID: 10 00 64<6>input: ImExPS/2 Generic Explorer Mouse as /devices/platform/i8042/serio1/input/input5
Nov 21 22:30:48 nefarious-laptop kernel: [   23.339278] ACPI: PCI Interrupt Link [LNKA] enabled at IRQ 9
Nov 21 22:30:48 nefarious-laptop kernel: [   23.339320] PCI: setting IRQ 9 as level-triggered
Nov 21 22:30:48 nefarious-laptop kernel: [   23.339360] Intel ICH 0000:00:05.0: PCI INT A -> Link[LNKA] -> GSI 9 (level, low) -> IRQ 9
Nov 21 22:30:48 nefarious-laptop kernel: [   23.607558] Control name 'Sigmatel Surround Phase Inversion Playback Switch' truncated to 'Sigmatel Surround Phase Inversion Playback '
Nov 21 22:30:48 nefarious-laptop kernel: [   23.664899] intel8x0_measure_ac97_clock: measured 54478 usecs
Nov 21 22:30:48 nefarious-laptop kernel: [   23.664917] intel8x0: measured clock 177337 rejected
Nov 21 22:30:48 nefarious-laptop kernel: [   23.664928] intel8x0: clocking to 48000
Nov 21 22:30:48 nefarious-laptop kernel: [   23.902654] ppdev: user-space parallel port driver
Nov 21 22:30:48 nefarious-laptop kernel: [   24.463996] lp: driver loaded but no devices found
Nov 21 22:30:48 nefarious-laptop kernel: [   25.300664] EXT3 FS on sda5, internal journal
Nov 21 22:30:48 nefarious-laptop kernel: [   28.275889] type=1505 audit(1258860645.821:2): operation="profile_load" name="/sbin/dhclient-script" name2="default" pid=1959
Nov 21 22:30:48 nefarious-laptop kernel: [   28.278404] type=1505 audit(1258860645.824:3): operation="profile_load" name="/sbin/dhclient3" name2="default" pid=1959
Nov 21 22:30:48 nefarious-laptop kernel: [   28.278583] type=1505 audit(1258860645.824:4): operation="profile_load" name="/usr/lib/NetworkManager/nm-dhcp-client.action" name2="default" pid=1959
Nov 21 22:30:48 nefarious-laptop kernel: [   28.278747] type=1505 audit(1258860645.824:5): operation="profile_load" name="/usr/lib/connman/scripts/dhclient-script" name2="default" pid=1959
Nov 21 22:30:48 nefarious-laptop kernel: [   28.433786] type=1505 audit(1258860645.980:6): operation="profile_load" name="/usr/lib/cups/backend/cups-pdf" name2="default" pid=1964
Nov 21 22:30:48 nefarious-laptop kernel: [   28.434315] type=1505 audit(1258860645.980:7): operation="profile_load" name="/usr/sbin/cupsd" name2="default" pid=1964
Nov 21 22:30:48 nefarious-laptop kernel: [   28.485971] type=1505 audit(1258860646.031:8): operation="profile_load" name="/usr/sbin/tcpdump" name2="default" pid=1968
Nov 21 22:30:50 nefarious-laptop kernel: [   32.857506] Bluetooth: BNEP (Ethernet Emulation) ver 1.3
Nov 21 22:30:50 nefarious-laptop kernel: [   32.857521] Bluetooth: BNEP filters: protocol multicast
Nov 21 22:30:50 nefarious-laptop kernel: [   32.899560] Bridge firewalling registered
Nov 21 22:30:56 nefarious-laptop kernel: [   38.464124] eth0: link up, 100Mbps, full-duplex
Nov 22 03:31:08 nefarious-laptop kernel: [   49.126310] eth0: no IPv6 routers present
Nov 22 03:37:11 nefarious-laptop kernel: [  411.766566] mtrr: no MTRR for e0000000,c00000 found
Nov 22 03:45:47 nefarious-laptop kernel: Inspecting /boot/System.map-2.6.28-16-generic
Nov 22 03:45:47 nefarious-laptop kernel: Cannot find map file.
Nov 22 03:45:47 nefarious-laptop kernel: Loaded 50862 symbols from 37 modules.
Nov 22 03:45:47 nefarious-laptop kernel: [    0.000000] BIOS EBDA/lowmem at: 0009fc00/0009fc00
Nov 22 03:45:47 nefarious-laptop kernel: [    0.000000] Initializing cgroup subsys cpuset
Nov 22 03:45:47 nefarious-laptop kernel: [    0.000000] Initializing cgroup subsys cpu
Nov 22 03:45:47 nefarious-laptop kernel: [    0.000000] Linux version 2.6.28-16-generic (buildd@vernadsky) (gcc version 4.3.3 (Ubuntu 4.3.3-5ubuntu4) ) #55-Ubuntu SMP Tue Oct 20 19:48:24 UTC 2009 (Ubuntu 2.6.28-16.55-generic)
Nov 22 03:45:47 nefarious-laptop kernel: [    0.000000] KERNEL supported cpus:
Nov 22 03:45:47 nefarious-laptop kernel: [    0.000000]   Intel GenuineIntel
Nov 22 03:45:47 nefarious-laptop kernel: [    0.000000]   AMD AuthenticAMD
Nov 22 03:45:47 nefarious-laptop kernel: [    0.000000]   NSC Geode by NSC
Nov 22 03:45:47 nefarious-laptop kernel: [    0.000000]   Cyrix CyrixInstead
Nov 22 03:45:47 nefarious-laptop kernel: [    0.000000]   Centaur CentaurHauls
Nov 22 03:45:47 nefarious-laptop kernel: [    0.000000]   Transmeta GenuineTMx86
Nov 22 03:45:47 nefarious-laptop kernel: [    0.000000]   Transmeta TransmetaCPU
Nov 22 03:45:47 nefarious-laptop kernel: [    0.000000]   UMC UMC UMC UMC
Nov 22 03:45:47 nefarious-laptop kernel: [    0.000000] BIOS-provided physical RAM map:
Nov 22 03:45:47 nefarious-laptop kernel: [    0.000000]  BIOS-e820: 0000000000000000 - 000000000009fc00 (usable)
Nov 22 03:45:47 nefarious-laptop kernel: [    0.000000]  BIOS-e820: 000000000009fc00 - 00000000000a0000 (reserved)
Nov 22 03:45:47 nefarious-laptop kernel: [    0.000000]  BIOS-e820: 00000000000f0000 - 0000000000100000 (reserved)
Nov 22 03:45:47 nefarious-laptop kernel: [    0.000000]  BIOS-e820: 0000000000100000 - 000000001fff0000 (usable)
Nov 22 03:45:47 nefarious-laptop kernel: [    0.000000]  BIOS-e820: 000000001fff0000 - 0000000020000000 (ACPI data)
Nov 22 03:45:47 nefarious-laptop kernel: [    0.000000]  BIOS-e820: 00000000fffc0000 - 0000000100000000 (reserved)
Nov 22 03:45:47 nefarious-laptop kernel: [    0.000000] DMI 2.5 present.
Nov 22 03:45:47 nefarious-laptop kernel: [    0.000000] last_pfn = 0x1fff0 max_arch_pfn = 0x100000
Nov 22 03:45:47 nefarious-laptop kernel: [    0.000000] CPU MTRRs all blank - virtualized system.
Nov 22 03:45:47 nefarious-laptop kernel: [    0.000000] Scanning 2 areas for low memory corruption
Nov 22 03:45:47 nefarious-laptop kernel: [    0.000000] modified physical RAM map:
Nov 22 03:45:47 nefarious-laptop kernel: [    0.000000]  modified: 0000000000000000 - 0000000000002000 (usable)
Nov 22 03:45:47 nefarious-laptop kernel: [    0.000000]  modified: 0000000000002000 - 0000000000006000 (reserved)
Nov 22 03:45:47 nefarious-laptop kernel: [    0.000000]  modified: 0000000000006000 - 0000000000007000 (usable)
Nov 22 03:45:47 nefarious-laptop kernel: [    0.000000]  modified: 0000000000007000 - 0000000000010000 (reserved)
Nov 22 03:45:47 nefarious-laptop kernel: [    0.000000]  modified: 0000000000010000 - 0000000000092c00 (usable)
Nov 22 03:45:47 nefarious-laptop kernel: [    0.000000]  modified: 000000000009fc00 - 00000000000a0000 (reserved)
Nov 22 03:45:47 nefarious-laptop kernel: [    0.000000]  modified: 00000000000f0000 - 0000000000100000 (reserved)
Nov 22 03:45:47 nefarious-laptop kernel: [    0.000000]  modified: 0000000000100000 - 000000001fff0000 (usable)
Nov 22 03:45:47 nefarious-laptop kernel: [    0.000000]  modified: 000000001fff0000 - 0000000020000000 (ACPI data)
Nov 22 03:45:47 nefarious-laptop kernel: [    0.000000]  modified: 00000000fffc0000 - 0000000100000000 (reserved)
Nov 22 03:45:47 nefarious-laptop kernel: [    0.000000] kernel direct mapping tables up to 1fff0000 @ 10000-16000
Nov 22 03:45:47 nefarious-laptop kernel: [    0.000000] RAMDISK: 1f89e000 - 1ffdfbc7
Nov 22 03:45:47 nefarious-laptop kernel: [    0.000000] ACPI: RSDP 000E0000, 0024 (r2 VBOX  )
Nov 22 03:45:47 nefarious-laptop kernel: [    0.000000] ACPI: XSDT 1FFF0030, 002C (r1 VBOX   VBOXXSDT        1 ASL        61)
Nov 22 03:45:47 nefarious-laptop kernel: [    0.000000] ACPI: FACP 1FFF00E0, 00F4 (r4 VBOX   VBOXFACP        1 ASL        61)
Nov 22 03:45:47 nefarious-laptop kernel: [    0.000000] ACPI: DSDT 1FFF0220, 1A0C (r1 VBOX   VBOXBIOS        2 INTL 20090521)
Nov 22 03:45:47 nefarious-laptop kernel: [    0.000000] ACPI: FACS 1FFF01E0, 0040
Nov 22 03:45:47 nefarious-laptop kernel: [    0.000000] 0MB HIGHMEM available.
Nov 22 03:45:47 nefarious-laptop kernel: [    0.000000] 511MB LOWMEM available.
Nov 22 03:45:47 nefarious-laptop kernel: [    0.000000]   mapped low ram: 0 - 1fff0000
Nov 22 03:45:47 nefarious-laptop kernel: [    0.000000]   low ram: 00000000 - 1fff0000
Nov 22 03:45:47 nefarious-laptop kernel: [    0.000000]   bootmap 00012000 - 00016000
Nov 22 03:45:47 nefarious-laptop kernel: [    0.000000] (9 early reservations) ==> bootmem [0000000000 - 001fff0000]
Nov 22 03:45:47 nefarious-laptop kernel: [    0.000000]   #0 [0000000000 - 0000001000]   BIOS data page ==> [0000000000 - 0000001000]
Nov 22 03:45:47 nefarious-laptop kernel: [    0.000000]   #1 [0000001000 - 0000002000]    EX TRAMPOLINE ==> [0000001000 - 0000002000]
Nov 22 03:45:47 nefarious-laptop kernel: [    0.000000]   #2 [0000006000 - 0000007000]       TRAMPOLINE ==> [0000006000 - 0000007000]
Nov 22 03:45:47 nefarious-laptop kernel: [    0.000000]   #3 [0000100000 - 00008780ac]    TEXT DATA BSS ==> [0000100000 - 00008780ac]
Nov 22 03:45:47 nefarious-laptop kernel: [    0.000000]   #4 [001f89e000 - 001ffdfbc7]          RAMDISK ==> [001f89e000 - 001ffdfbc7]
Nov 22 03:45:47 nefarious-laptop kernel: [    0.000000]   #5 [0000879000 - 000087d000]    INIT_PG_TABLE ==> [0000879000 - 000087d000]
Nov 22 03:45:47 nefarious-laptop kernel: [    0.000000]   #6 [000009fc00 - 0000100000]    BIOS reserved ==> [000009fc00 - 0000100000]
Nov 22 03:45:47 nefarious-laptop kernel: [    0.000000]   #7 [0000010000 - 0000012000]          PGTABLE ==> [0000010000 - 0000012000]
Nov 22 03:45:47 nefarious-laptop kernel: [    0.000000]   #8 [0000012000 - 0000016000]          BOOTMAP ==> [0000012000 - 0000016000]
Nov 22 03:45:47 nefarious-laptop kernel: [    0.000000] Zone PFN ranges:
Nov 22 03:45:47 nefarious-laptop kernel: [    0.000000]   DMA      0x00000000 -> 0x00001000
Nov 22 03:45:47 nefarious-laptop kernel: [    0.000000]   Normal   0x00001000 -> 0x0001fff0
Nov 22 03:45:47 nefarious-laptop kernel: [    0.000000]   HighMem  0x0001fff0 -> 0x0001fff0
Nov 22 03:45:47 nefarious-laptop kernel: [    0.000000] Movable zone start PFN for each node
Nov 22 03:45:47 nefarious-laptop kernel: [    0.000000] early_node_map[4] active PFN ranges
Nov 22 03:45:47 nefarious-laptop kernel: [    0.000000]     0: 0x00000000 -> 0x00000002
Nov 22 03:45:47 nefarious-laptop kernel: [    0.000000]     0: 0x00000006 -> 0x00000007
Nov 22 03:45:47 nefarious-laptop kernel: [    0.000000]     0: 0x00000010 -> 0x00000092
Nov 22 03:45:47 nefarious-laptop kernel: [    0.000000]     0: 0x00000100 -> 0x0001fff0
Nov 22 03:45:47 nefarious-laptop kernel: [    0.000000] On node 0 totalpages: 130933
Nov 22 03:45:47 nefarious-laptop kernel: [    0.000000] free_area_init_node: node 0, pgdat c06cb780, node_mem_map c1000000
Nov 22 03:45:47 nefarious-laptop kernel: [    0.000000]   DMA zone: 32 pages used for memmap
Nov 22 03:45:47 nefarious-laptop kernel: [    0.000000]   DMA zone: 0 pages reserved
Nov 22 03:45:47 nefarious-laptop kernel: [    0.000000]   DMA zone: 3941 pages, LIFO batch:0
Nov 22 03:45:47 nefarious-laptop kernel: [    0.000000]   Normal zone: 992 pages used for memmap
Nov 22 03:45:47 nefarious-laptop kernel: [    0.000000]   Normal zone: 125968 pages, LIFO batch:31
Nov 22 03:45:47 nefarious-laptop kernel: [    0.000000]   HighMem zone: 0 pages used for memmap
Nov 22 03:45:47 nefarious-laptop kernel: [    0.000000]   Movable zone: 0 pages used for memmap
Nov 22 03:45:47 nefarious-laptop kernel: [    0.000000] ACPI: PM-Timer IO Port: 0x4008
Nov 22 03:45:47 nefarious-laptop kernel: [    0.000000] SMP: Allowing 1 CPUs, 0 hotplug CPUs
Nov 22 03:45:47 nefarious-laptop kernel: [    0.000000] Found and enabled local APIC!
Nov 22 03:45:47 nefarious-laptop kernel: [    0.000000] PM: Registered nosave memory: 0000000000002000 - 0000000000006000
Nov 22 03:45:47 nefarious-laptop kernel: [    0.000000] PM: Registered nosave memory: 0000000000007000 - 0000000000010000
Nov 22 03:45:47 nefarious-laptop kernel: [    0.000000] PM: Registered nosave memory: 0000000000092000 - 00000000000a0000
Nov 22 03:45:47 nefarious-laptop kernel: [    0.000000] PM: Registered nosave memory: 00000000000a0000 - 00000000000f0000
Nov 22 03:45:47 nefarious-laptop kernel: [    0.000000] PM: Registered nosave memory: 00000000000f0000 - 0000000000100000
Nov 22 03:45:47 nefarious-laptop kernel: [    0.000000] Allocating PCI resources starting at 30000000 (gap: 20000000:dffc0000)
Nov 22 03:45:47 nefarious-laptop kernel: [    0.000000] PERCPU: Allocating 45056 bytes of per cpu data
Nov 22 03:45:47 nefarious-laptop kernel: [    0.000000] NR_CPUS: 64, nr_cpu_ids: 1, nr_node_ids 1
Nov 22 03:45:47 nefarious-laptop kernel: [    0.000000] Built 1 zonelists in Zone order, mobility grouping on.  Total pages: 129909
Nov 22 03:45:47 nefarious-laptop kernel: [    0.000000] Kernel command line: root=UUID=5682e4e0-1bb4-4186-af8b-8dafe126877d ro quiet splash 
Nov 22 03:45:47 nefarious-laptop kernel: [    0.000000] Enabling fast FPU save and restore... done.
Nov 22 03:45:47 nefarious-laptop kernel: [    0.000000] Enabling unmasked SIMD FPU exception support... done.
Nov 22 03:45:47 nefarious-laptop kernel: [    0.000000] Initializing CPU#0
Nov 22 03:45:47 nefarious-laptop kernel: [    0.000000] PID hash table entries: 2048 (order: 11, 8192 bytes)
Nov 22 03:45:47 nefarious-laptop kernel: [    0.000000] TSC: Unable to calibrate against PIT
Nov 22 03:45:47 nefarious-laptop kernel: [    0.000000] TSC: using PMTIMER reference calibration
Nov 22 03:45:47 nefarious-laptop kernel: [    0.000000] Detected 2393.935 MHz processor.
Nov 22 03:45:47 nefarious-laptop kernel: [    0.004000] Console: colour VGA+ 80x25
Nov 22 03:45:47 nefarious-laptop kernel: [    0.004000] console [tty0] enabled
Nov 22 03:45:47 nefarious-laptop kernel: [    0.004000] Dentry cache hash table entries: 65536 (order: 6, 262144 bytes)
Nov 22 03:45:47 nefarious-laptop kernel: [    0.004000] Inode-cache hash table entries: 32768 (order: 5, 131072 bytes)
Nov 22 03:45:47 nefarious-laptop kernel: [    0.004000] allocated 2621120 bytes of page_cgroup
Nov 22 03:45:47 nefarious-laptop kernel: [    0.004000] please try cgroup_disable=memory option if you don't want
Nov 22 03:45:47 nefarious-laptop kernel: [    0.004000] Scanning for low memory corruption every 60 seconds
Nov 22 03:45:47 nefarious-laptop kernel: [    0.004000] Memory: 501240k/524224k available (4116k kernel code, 22248k reserved, 2199k data, 532k init, 0k highmem)
Nov 22 03:45:47 nefarious-laptop kernel: [    0.004000] virtual kernel memory layout:
Nov 22 03:45:47 nefarious-laptop kernel: [    0.004000]     fixmap  : 0xffc77000 - 0xfffff000   (3616 kB)
Nov 22 03:45:47 nefarious-laptop kernel: [    0.004000]     pkmap   : 0xff400000 - 0xff800000   (4096 kB)
Nov 22 03:45:47 nefarious-laptop kernel: [    0.004000]     vmalloc : 0xe07f0000 - 0xff3fe000   ( 492 MB)
Nov 22 03:45:47 nefarious-laptop kernel: [    0.004000]     lowmem  : 0xc0000000 - 0xdfff0000   ( 511 MB)
Nov 22 03:45:47 nefarious-laptop kernel: [    0.004000]       .init : 0xc0733000 - 0xc07b8000   ( 532 kB)
Nov 22 03:45:47 nefarious-laptop kernel: [    0.004000]       .data : 0xc050520d - 0xc072ae60   (2199 kB)
Nov 22 03:45:47 nefarious-laptop kernel: [    0.004000]       .text : 0xc0100000 - 0xc050520d   (4116 kB)
Nov 22 03:45:47 nefarious-laptop kernel: [    0.004000] Checking if this processor honours the WP bit even in supervisor mode...Ok.
Nov 22 03:45:47 nefarious-laptop kernel: [    0.004000] SLUB: Genslabs=12, HWalign=64, Order=0-3, MinObjects=0, CPUs=1, Nodes=1
Nov 22 03:45:47 nefarious-laptop kernel: [    0.005290] Calibrating delay loop (skipped), value calculated using timer frequency.. 4787.87 BogoMIPS (lpj=9575740)
Nov 22 03:45:47 nefarious-laptop kernel: [    0.005801] Security Framework initialized
Nov 22 03:45:47 nefarious-laptop kernel: [    0.005868] SELinux:  Disabled at boot.
Nov 22 03:45:47 nefarious-laptop kernel: [    0.013047] AppArmor: AppArmor initialized
Nov 22 03:45:47 nefarious-laptop kernel: [    0.013349] Mount-cache hash table entries: 512
Nov 22 03:45:47 nefarious-laptop kernel: [    0.026743] Initializing cgroup subsys ns
Nov 22 03:45:47 nefarious-laptop kernel: [    0.026858] Initializing cgroup subsys cpuacct
Nov 22 03:45:47 nefarious-laptop kernel: [    0.026960] Initializing cgroup subsys memory
Nov 22 03:45:47 nefarious-laptop kernel: [    0.027086] Initializing cgroup subsys freezer
Nov 22 03:45:47 nefarious-laptop kernel: [    0.027290] 
Nov 22 03:45:47 nefarious-laptop kernel: [    0.027344] using mwait in idle threads.
Nov 22 03:45:47 nefarious-laptop kernel: [    0.027762] Checking 'hlt' instruction... OK.
Nov 22 03:45:47 nefarious-laptop kernel: [    0.069473] SMP alternatives: switching to UP code
Nov 22 03:45:47 nefarious-laptop kernel: [    0.580002] Freeing SMP alternatives: 18k freed
Nov 22 03:45:47 nefarious-laptop kernel: [    0.587126] ACPI: Core revision 20080926
Nov 22 03:45:47 nefarious-laptop kernel: [    0.597396] ACPI: Checking initramfs for custom DSDT
Nov 22 03:45:47 nefarious-laptop kernel: [    0.869230] ACPI: setting ELCR to 0200 (from 0e20)
Nov 22 03:45:47 nefarious-laptop kernel: [    0.901176] weird, boot CPU (#0) not listedby the BIOS.
Nov 22 03:45:47 nefarious-laptop kernel: [    0.901363] SMP motherboard not detected.
Nov 22 03:45:47 nefarious-laptop kernel: [    0.904002] SMP disabled
Nov 22 03:45:47 nefarious-laptop kernel: [    0.917530] Brought up 1 CPUs
Nov 22 03:45:47 nefarious-laptop kernel: [    0.917548] Total of 1 processors activated (4787.87 BogoMIPS).
Nov 22 03:45:47 nefarious-laptop kernel: [    0.917580] CPU0 attaching NULL sched-domain.
Nov 22 03:45:47 nefarious-laptop kernel: [    0.923874] net_namespace: 776 bytes
Nov 22 03:45:47 nefarious-laptop kernel: [    0.924377] Booting paravirtualized kernel on bare hardware
Nov 22 03:45:47 nefarious-laptop kernel: [    0.929400] Time:  8:45:26  Date: 11/22/09
Nov 22 03:45:47 nefarious-laptop kernel: [    0.929685] regulator: core version 0.5
Nov 22 03:45:47 nefarious-laptop kernel: [    0.929995] NET: Registered protocol family 16
Nov 22 03:45:47 nefarious-laptop kernel: [    0.934890] EISA bus registered
Nov 22 03:45:47 nefarious-laptop kernel: [    0.935097] ACPI: bus type pci registered
Nov 22 03:45:47 nefarious-laptop kernel: [    0.941651] PCI: PCI BIOS revision 2.10 entry at 0xfc080, last bus=0
Nov 22 03:45:47 nefarious-laptop kernel: [    0.941712] PCI: Using configuration type 1 for base access
Nov 22 03:45:47 nefarious-laptop kernel: [    0.948550] ACPI: EC: Look up EC in DSDT
Nov 22 03:45:47 nefarious-laptop kernel: [    1.036646] ACPI: Interpreter enabled
Nov 22 03:45:47 nefarious-laptop kernel: [    1.036665] ACPI: (supports S0 S5)
Nov 22 03:45:47 nefarious-laptop kernel: [    1.036697] ACPI: Using PIC for interrupt routing
Nov 22 03:45:47 nefarious-laptop kernel: [    1.129342] ACPI: No dock devices found.
Nov 22 03:45:47 nefarious-laptop kernel: [    1.132161] ACPI: PCI Root Bridge [PCI0] (0000:00)
Nov 22 03:45:47 nefarious-laptop kernel: [    1.138197] pci 0000:00:01.1: reg 20 io port: [0xd000-0xd00f]
Nov 22 03:45:47 nefarious-laptop kernel: [    1.139535] pci 0000:00:02.0: reg 10 32bit mmio: [0xe0000000-0xe0ffffff]
Nov 22 03:45:47 nefarious-laptop kernel: [    1.140452] pci 0000:00:03.0: reg 10 io port: [0xd020-0xd03f]
Nov 22 03:45:47 nefarious-laptop kernel: [    1.140563] pci 0000:00:03.0: reg 14 32bit mmio: [0xf0000000-0xf0000fff]
Nov 22 03:45:47 nefarious-laptop kernel: [    1.140665] pci 0000:00:03.0: reg 18 32bit mmio: [0xf0080000-0xf00fffff]
Nov 22 03:45:47 nefarious-laptop kernel: [    1.141157] pci 0000:00:04.0: reg 10 io port: [0xd040-0xd05f]
Nov 22 03:45:47 nefarious-laptop kernel: [    1.141289] pci 0000:00:04.0: reg 14 32bit mmio: [0xf0400000-0xf07fffff]
Nov 22 03:45:47 nefarious-laptop kernel: [    1.141388] pci 0000:00:04.0: reg 18 32bit mmio: [0xf0800000-0xf0803fff]
Nov 22 03:45:47 nefarious-laptop kernel: [    1.141889] pci 0000:00:05.0: reg 10 io port: [0xd100-0xd1ff]
Nov 22 03:45:47 nefarious-laptop kernel: [    1.141973] pci 0000:00:05.0: reg 14 io port: [0xd200-0xd23f]
Nov 22 03:45:47 nefarious-laptop kernel: [    1.142569] pci 0000:00:06.0: reg 10 32bit mmio: [0xf0804000-0xf0804fff]
Nov 22 03:45:47 nefarious-laptop kernel: [    1.143928] pci 0000:00:0b.0: reg 10 32bit mmio: [0xf0805000-0xf0805fff]
Nov 22 03:45:47 nefarious-laptop kernel: [    1.148176] bus 00 -> node 0
Nov 22 03:45:47 nefarious-laptop kernel: [    1.148273] ACPI: PCI Interrupt Routing Table [\_SB_.PCI0._PRT]
Nov 22 03:45:47 nefarious-laptop kernel: [    1.645357] ACPI: PCI Interrupt Link [LNKA] (IRQs 5 *9 10 11)
Nov 22 03:45:47 nefarious-laptop kernel: [    1.645818] ACPI: PCI Interrupt Link [LNKB] (IRQs *5 9 10 11)
Nov 22 03:45:47 nefarious-laptop kernel: [    1.646026] ACPI: PCI Interrupt Link [LNKC] (IRQs 5 9 10 *11)
Nov 22 03:45:47 nefarious-laptop kernel: [    1.646229] ACPI: PCI Interrupt Link [LNKD] (IRQs 5 9 *10 11)
Nov 22 03:45:47 nefarious-laptop kernel: [    1.646651] ACPI: WMI: Mapper loaded
Nov 22 03:45:47 nefarious-laptop kernel: [    1.651439] SCSI subsystem initialized
Nov 22 03:45:47 nefarious-laptop kernel: [    1.651944] libata version 3.00 loaded.
Nov 22 03:45:47 nefarious-laptop kernel: [    1.652993] usbcore: registered new interface driver usbfs
Nov 22 03:45:47 nefarious-laptop kernel: [    1.653268] usbcore: registered new interface driver hub
Nov 22 03:45:47 nefarious-laptop kernel: [    1.653414] usbcore: registered new device driver usb
Nov 22 03:45:47 nefarious-laptop kernel: [    1.664963] PCI: Using ACPI for IRQ routing
Nov 22 03:45:47 nefarious-laptop kernel: [    1.668729] Bluetooth: Core ver 2.13
Nov 22 03:45:47 nefarious-laptop kernel: [    1.669154] NET: Registered protocol family 31
Nov 22 03:45:47 nefarious-laptop kernel: [    1.669164] Bluetooth: HCI device and connection manager initialized
Nov 22 03:45:47 nefarious-laptop kernel: [    1.669181] Bluetooth: HCI socket layer initialized
Nov 22 03:45:47 nefarious-laptop kernel: [    1.669192] NET: Registered protocol family 8
Nov 22 03:45:47 nefarious-laptop kernel: [    1.669199] NET: Registered protocol family 20
Nov 22 03:45:47 nefarious-laptop kernel: [    1.669237] NetLabel: Initializing
Nov 22 03:45:47 nefarious-laptop kernel: [    1.669246] NetLabel:  domain hash size = 128
Nov 22 03:45:47 nefarious-laptop kernel: [    1.669254] NetLabel:  protocols = UNLABELED CIPSOv4
Nov 22 03:45:47 nefarious-laptop kernel: [    1.669929] NetLabel:  unlabeled traffic allowed by default
Nov 22 03:45:47 nefarious-laptop kernel: [    1.670726] AppArmor: AppArmor Filesystem Enabled
Nov 22 03:45:47 nefarious-laptop kernel: [    1.670793] pnp: PnP ACPI init
Nov 22 03:45:47 nefarious-laptop kernel: [    1.670793] ACPI: bus type pnp registered
Nov 22 03:45:47 nefarious-laptop kernel: [    1.777530] pnp: PnP ACPI: found 6 devices
Nov 22 03:45:47 nefarious-laptop kernel: [    1.777543] ACPI: ACPI bus type pnp unregistered
Nov 22 03:45:47 nefarious-laptop kernel: [    1.777560] PnPBIOS: Disabled by ACPI PNP
Nov 22 03:45:47 nefarious-laptop kernel: [    1.813104] bus: 00 index 0 io port: [0x00-0xffff]
Nov 22 03:45:47 nefarious-laptop kernel: [    1.813115] bus: 00 index 1 mmio: [0x000000-0xffffffff]
Nov 22 03:45:47 nefarious-laptop kernel: [    1.813141] NET: Registered protocol family 2
Nov 22 03:45:47 nefarious-laptop kernel: [    1.816180] IP route cache hash table entries: 4096 (order: 2, 16384 bytes)
Nov 22 03:45:47 nefarious-laptop kernel: [    1.816594] TCP established hash table entries: 16384 (order: 5, 131072 bytes)
Nov 22 03:45:47 nefarious-laptop kernel: [    1.818370] TCP bind hash table entries: 16384 (order: 5, 131072 bytes)
Nov 22 03:45:47 nefarious-laptop kernel: [    1.818489] TCP: Hash tables configured (established 16384 bind 16384)
